[info] welcome to sbt 1.11.5 (Eclipse Adoptium Java 21.0.8)
[info] loading global plugins from /home/hakim/.sbt/1.0/plugins
[info] loading settings for project eru-build from plugins.sbt...
[info] loading project definition from /home/hakim/personal/eru/project
[info] loading settings for project root from build.sbt...
[info] resolving key references (12643 settings) ...
[info] set current project to eru-root (in build file:/home/hakim/personal/eru/)
[info] Build skipped: No changes detected in build configuration and class path contents since last build.
[info] Starting process '/home/hakim/personal/eru/eru-core/.native/target/scala-3.7.3/eru-core-test' on port '36895'.
[32mnet.ghoula.eru.DomainTypesSpec:[0m
[32m  + [0m[32mAttemptCount.apply accepts non-negative values[0m [90m0.009s[0m
[32m  + [0m[32mAttemptCount.apply rejects negative values[0m [90m0.001s[0m
[32m  + [0m[32mAttemptCount.increment works correctly[0m [90m0.0s[0m
[32m  + [0m[32mAttemptCount addition works correctly[0m [90m0.001s[0m
[32m  + [0m[32mAttemptCount comparison operators work correctly[0m [90m0.002s[0m
[32m  + [0m[32mJitterFactor.apply accepts values in [0.0, 1.0][0m [90m0.001s[0m
[32m  + [0m[32mJitterFactor.apply rejects values outside [0.0, 1.0][0m [90m0.0s[0m
[32m  + [0m[32mJitterFactor.apply rejects NaN[0m [90m0.0s[0m
[32m  + [0m[32mFailureThreshold.apply accepts positive values[0m [90m0.001s[0m
[32m  + [0m[32mFailureThreshold.apply rejects non-positive values[0m [90m0.001s[0m
[32m  + [0m[32mFailureThreshold comparison works correctly[0m [90m0.001s[0m
[32m  + [0m[32mAttemptCount handles large values correctly[0m [90m0.001s[0m
[32m  + [0m[32mFailureThreshold handles maximum integer value[0m [90m0.0s[0m
[32mnet.ghoula.eru.EruFiberSpec:[0m
[32m  + [0m[32mEruFiber creates fibers with unique IDs[0m [90m0.021s[0m
[32m  + [0m[32mEruFiber.withId creates fiber with specified ID[0m [90m0.001s[0m
[32m  + [0m[32mEruFiber.await creates Await effect[0m [90m0.0s[0m
[32m  + [0m[32mEruFiber.interrupt(cause) creates effect[0m [90m0.006s[0m
[32m  + [0m[32mEruFiber.interrupt() creates effect with UserInterrupt[0m [90m0.0s[0m
[32mnet.ghoula.eru.ForkAwaitSpec:[0m
[32m  + [0m[32mEru.fork creates Fork case[0m [90m0.027s[0m
[32m  + [0m[32mEru.await creates Await case[0m [90m0.001s[0m
[32m  + [0m[32mFork is referentially transparent[0m [90m0.0s[0m
[32m  + [0m[32mAwait is referentially transparent[0m [90m0.0s[0m
[32m  + [0m[32mFork constructs with proper types[0m [90m0.0s[0m
[32m  + [0m[32mAwait constructs with proper types[0m [90m0.0s[0m
[32m  + [0m[32mFork/Await composition is pure[0m [90m0.002s[0m
[32m  + [0m[32mMultiple forks of same computation are independent[0m [90m0.0s[0m
[32m  + [0m[32mFork preserves error type[0m [90m0.0s[0m
[32m  + [0m[32mAwait preserves error type from fiber[0m [90m0.0s[0m
[32m  + [0m[32mFork can be mapped over[0m [90m0.0s[0m
[32m  + [0m[32mAwait can be mapped over[0m [90m0.001s[0m
[32m  + [0m[32mFork/Await can handle error recovery[0m [90m0.002s[0m
[32m  + [0m[32mNested fork/await constructs properly[0m [90m0.0s[0m
[32m  + [0m[32mFork/await with attempt preserves structure[0m [90m0.001s[0m
[32m  + [0m[32mFork execution works in Phase 2[0m [90m0.0s[0m
[32m  + [0m[32mAwait execution works in Phase 2[0m [90m0.0s[0m
[32mnet.ghoula.eru.UnifiedFiberSpec:[0m
[32m  + [0m[32mUnifiedFiber.completed creates fiber with Completed state[0m [90m0.021s[0m
[32m  + [0m[32mUnifiedFiber.active creates fiber with Active state[0m [90m0.007s[0m
[32m  + [0m[32mUnifiedFiber.await on completed fiber returns immediately[0m [90m0.003s[0m
[32m  + [0m[32mUnifiedFiber.interrupt on completed fiber is no-op[0m [90m0.0s[0m
[32m  + [0m[32mUnifiedFiber.complete transitions active fiber to completed[0m [90m0.001s[0m
[32m  + [0m[32mUnifiedFiber.setThread updates thread reference for active fiber[0m [90m0.0s[0m
[32m  + [0m[32mUnifiedFiber.complete on already completed fiber is no-op[0m [90m0.001s[0m
[32m  + [0m[32mUnifiedFiber.setThread on completed fiber is no-op[0m [90m0.001s[0m
[32m  + [0m[32mUnifiedFiber handles Exit.Failure correctly[0m [90m0.0s[0m
[32m  + [0m[32mUnifiedFiber handles Exit.Die correctly[0m [90m0.001s[0m
[32m  + [0m[32mUnifiedFiber handles Exit.Interrupt correctly[0m [90m0.0s[0m
[32m  + [0m[32mUnifiedFiberState.Active stores coordination primitives correctly[0m [90m0.001s[0m
[32m  + [0m[32mMultiple complete calls on active fiber - last one wins[0m [90m0.001s[0m
[32mnet.ghoula.eru.FiberSpec:[0m
[32m  + [0m[32mawait returns Exit.Success for successful fiber[0m [90m0.031s[0m
[32m  + [0m[32mawait returns Exit.Failure with typed error[0m [90m0.001s[0m
[32m  + [0m[32minterrupt records cause and returns unit[0m [90m0.001s[0m
[32m  + [0m[32mfiber correctly handles different Exit types[0m [90m0.002s[0m
[32m  + [0m[32mfiber interrupt with different causes[0m [90m0.001s[0m
[32m  + [0m[32mfiber identity is preserved across operations[0m [90m0.001s[0m
[32m  + [0m[32mfiber await preserves error type information[0m [90m0.001s[0m
[32m  + [0m[32mmultiple interrupt calls update the recorded cause[0m [90m0.001s[0m
[32m  + [0m[32mfiber operations are referentially transparent[0m [90m0.0s[0m
[32m  + [0m[32mfiber correctly handles complex error types[0m [90m0.001s[0m
[32mnet.ghoula.eru.AsyncSchedulerSpec:[0m
[32m  + [0m[32mAsyncScheduler.scheduleAsync should accept computation and observer[0m [90m0.021s[0m
[32m  + [0m[32mAsyncScheduler.scheduleAsync should work with no observer[0m [90m0.002s[0m
[32m  + [0m[32mAsyncScheduler.executeWithFinalizers should run successful computation[0m [90m0.011s[0m
[32m  + [0m[32mAsyncScheduler.executeWithFinalizers should handle exceptions as Die[0m [90m0.001s[0m
[32m  + [0m[32mAsyncFiber.onComplete should register callback for incomplete fiber[0m [90m0.003s[0m
[32m  + [0m[32mAsyncFiber.onComplete should immediately invoke callback for completed fiber[0m [90m0.001s[0m
[32m  + [0m[32mAsyncFiber.isCompleted should track completion state[0m [90m0.001s[0m
[32m  + [0m[32mAsyncFiber.getCompleted should return None for incomplete fiber[0m [90m0.0s[0m
[32m  + [0m[32mAsyncFiber.getCompleted should return Some for completed fiber[0m [90m0.001s[0m
[32m  + [0m[32mAsyncFiber should be a Fiber[0m [90m0.001s[0m
[32m  + [0m[32mAsyncFiber.await should provide Exit information[0m [90m0.0s[0m
[32m  + [0m[32mAsyncFiber.interrupt should return Unit effect[0m [90m0.001s[0m
[32m  + [0m[32mAsyncScheduler companion object returns None[0m [90m0.0s[0m
[32m  + [0m[32mMultiple callbacks should all be invoked on completion[0m [90m0.001s[0m
[32mnet.ghoula.eru.CorePreludeSpec:[0m
[32m  + [0m[32mCorePrelude exports Eru type and companion object[0m [90m0.035s[0m
[32m  + [0m[32mCorePrelude exports Eru factory methods directly[0m [90m0.004s[0m
[32m  + [0m[32mCorePrelude provides access to extension methods[0m [90m0.002s[0m
[32m  + [0m[32mCorePrelude provides complete prelude for typical usage[0m [90m0.003s[0m
[32mnet.ghoula.eru.EruConstructorOptimizationSpec:[0m
[32m  + [0m[32mfromEither optimization creates direct Succeed/Fail[0m [90m0.032s[0m
[32m  + [0m[32menhanced flatMap chain composition preserves semantics[0m [90m0.004s[0m
[32m  + [0m[32mmap chain fusion with succeed values[0m [90m0.002s[0m
[32m  + [0m[32mcomplex chain optimization preserves error handling[0m [90m0.002s[0m
[32m  + [0m[32mmixed map and flatMap chains[0m [90m0.001s[0m
[32m  + [0m[32moptimizations preserve stack safety[0m [90m0.001s[0m
[32m  + [0m[32mfromEither with nested Either operations[0m [90m0.001s[0m
[32mnet.ghoula.eru.EruFusionValidationSpec:[0m
[32m  + [0m[32mpure fusion produces correct AST structure[0m [90m0.027s[0m
[32m  + [0m[32mmixed pure/impure chains produce expected AST structure[0m [90m0.001s[0m
[32m  + [0m[32mpure fusion gives same results as non-optimized[0m [90m0.011s[0m
[32m  + [0m[32mpure fusion handles exceptions correctly (single call)[0m [90m0.002s[0m
[32m  + [0m[32mdeeply nested pure chains maintain correctness[0m [90m0.005s[0m
[32m  + [0m[32mpure fusion exception safety for throwing continuation[0m [90m0.002s[0m
[32mnet.ghoula.eru.EruDebugSpec:[0m
[32m  + [0m[32mdebug method does not affect computation result for success[0m [90m0.006s[0m
[32m  + [0m[32mdebug method does not affect computation result for failure[0m [90m0.003s[0m
[32m  + [0m[32mdebug method does not affect computation result for effects[0m [90m0.001s[0m
[32m  + [0m[32mdebug emits Step event with correct label when executed with observer[0m [90m0.005s[0m
[32m  + [0m[32mdebug label is evaluated lazily[0m [90m0.002s[0m
[32m  + [0m[32mdebug label is evaluated only when observer is present[0m [90m0.001s[0m
[32m  + [0m[32mmultiple debug labels in chain emit multiple Step events[0m [90m0.003s[0m
[32m  + [0m[32mdebug works correctly with error handling chains[0m [90m0.002s[0m
[32m  + [0m[32mdebug integrates correctly with resource management[0m [90m0.004s[0m
[32m  + [0m[32mdebug works with complex effect compositions[0m [90m0.002s[0m
[32m  + [0m[32mdebug step events contain valid scope information[0m [90m0.001s[0m
[32m  + [0m[32mdebug preserves execution order in observer events[0m [90m0.003s[0m
[32mnet.ghoula.eru.EruResourceLawsSpec:[0m
[32m  + [0m[32mensure identity: fa.ensure(unit).attempt == fa.attempt (randomized)[0m [90m0.044s[0m
[32m  + [0m[32mbracket release runs exactly once regardless of use outcome (randomized)[0m [90m0.011s[0m
[32m  + [0m[32mnested ensures follow FILO ordering for random depths[0m [90m0.009s[0m
[32mnet.ghoula.eru.patterns.ErrorHandlingSpec:[0m
[32m  + [0m[32mRetryPolicy.conditional retries on matching errors[0m [90m0.029s[0m
[32m  + [0m[32mRetryPolicy.conditional calculates exponential backoff[0m [90m0.002s[0m
[32m  + [0m[32mRetryPolicy.jitteredExponential adds jitter[0m [90m0.003s[0m
[32m  + [0m[32mRetryPolicy.timeBasedCircuitBreaker respects time limits[0m [90m0.003s[0m
[32m  + [0m[32mRetryContext tracks errors and elapsed time[0m [90m0.002s[0m
[32m  + [0m[32mCircuitBreaker starts in Closed state[0m [90m0.002s[0m
[32m  + [0m[32mCircuitBreaker opens after threshold failures[0m [90m0.002s[0m
[32m  + [0m[32mCircuitBreaker fast-fails when open[0m [90m0.002s[0m
[32m  + [0m[32mCircuitBreaker resets on success in closed state[0m [90m0.001s[0m
[32m  + [0m[32mErrorAccumulator accumulates errors[0m [90m0.003s[0m
[32m  + [0m[32mErrorAccumulator combines with other accumulators[0m [90m0.001s[0m
[32m  + [0m[32mwithCircuitBreaker extension method works[0m [90m0.001s[0m
[32m  + [0m[32maccumulateErrors extension method combines successes[0m [90m0.014s[0m
[32m  + [0m[32maccumulateErrors extension method accumulates single error[0m [90m0.0s[0m
[32m  + [0m[32maccumulateErrors extension method accumulates multiple errors[0m [90m0.0s[0m
[32m  + [0m[32mvalidate extension method passes all validations[0m [90m0.002s[0m
[32m  + [0m[32mvalidate extension method accumulates validation failures[0m [90m0.001s[0m
[32m  + [0m[32mfallback extension method provides fallback values[0m [90m0.0s[0m
[32m  + [0m[32mfallback extension method preserves unhandled errors[0m [90m0.001s[0m
[32m  + [0m[32mcontextualizeError extension method adds context to errors[0m [90m0.0s[0m
[32m  + [0m[32mfailAfter extension method placeholder works[0m [90m0.0s[0m
[32m  + [0m[32merror handling extensions compose with other extensions[0m [90m0.004s[0m
[32mnet.ghoula.eru.EruExceptionSpec:[0m
[32m  + [0m[32mEruException constructor wraps error correctly[0m [90m0.0s[0m
[32m  + [0m[32mEruException.apply factory method creates instance[0m [90m0.001s[0m
[32m  + [0m[32mEruException can be thrown and caught[0m [90m0.001s[0m
[32mnet.ghoula.eru.internal.PreludeApiSpec:[0m
[32m  + [0m[32minternal PreludeApi delegates Result extension methods correctly[0m [90m0.031s[0m
[32m  + [0m[32minternal PreludeApi delegates Result failure cases[0m [90m0.003s[0m
[32m  + [0m[32minternal PreludeApi delegates Eru resource extensions[0m [90m0.003s[0m
[32m  + [0m[32minternal PreludeApi delegates Eru resource management extensions[0m [90m0.002s[0m
[32m  + [0m[32minternal PreludeApi delegates Eru scoped resource extensions[0m [90m0.01s[0m
[32m  + [0m[32minternal PreludeApi delegates Eru resource validation extensions[0m [90m0.001s[0m
[32m  + [0m[32minternal PreludeApi delegates Eru error accumulation extensions[0m [90m0.016s[0m
[32m  + [0m[32minternal PreludeApi delegates Eru validation extensions[0m [90m0.001s[0m
[32m  + [0m[32minternal PreludeApi delegates Eru fallback extensions[0m [90m0.001s[0m
[32m  + [0m[32minternal PreludeApi delegates Eru error contextualization extensions[0m [90m0.001s[0m
[32m  + [0m[32minternal PreludeApi delegates Eru tracing extensions[0m [90m0.043s[0m
[32m  + [0m[32minternal PreludeApi delegates Eru macro extensions[0m [90m0.001s[0m
[32mnet.ghoula.eru.internal.ExtensionsSpec:[0m
[32m  + [0m[32mResult extensions provide complete monadic interface[0m [90m0.024s[0m
[32m  + [0m[32mResult extension conversions work correctly[0m [90m0.011s[0m
[32m  + [0m[32mEru resource safety extensions work correctly[0m [90m0.004s[0m
[32m  + [0m[32mEru autoCleanup extension manages resources correctly[0m [90m0.001s[0m
[32m  + [0m[32mEru autoClose extension handles AutoCloseable resources[0m [90m0.001s[0m
[32m  + [0m[32mEru useScoped extension provides scoped resource management[0m [90m0.002s[0m
[32m  + [0m[32mEru pooled extension returns resources to pool[0m [90m0.001s[0m
[32m  + [0m[32mEru validateResource extension validates resource lifecycle[0m [90m0.002s[0m
[32m  + [0m[32mEru error handling extensions work correctly[0m [90m0.004s[0m
[32m  + [0m[32mEru accumulateErrors extension accumulates multiple errors[0m [90m0.015s[0m
[32m  + [0m[32mEru validate extension validates with multiple validators[0m [90m0.001s[0m
[32m  + [0m[32mEru tracing extensions add observability[0m [90m0.043s[0m
[32m  + [0m[32mEru macro extensions provide compile-time analysis[0m [90m0.001s[0m
[32m  + [0m[32mEru failAfter extension provides timeout semantics[0m [90m0.001s[0m
[32m  + [0m[32mExtensions maintain referential transparency[0m [90m0.001s[0m
[32m  + [0m[32mExtensions handle edge cases correctly[0m [90m0.004s[0m
[32mnet.ghoula.eru.meta.EruMacrosSpec:[0m
[32m  + [0m[32mvalidated macro preserves effect behavior for simple success case[0m [90m0.0s[0m
[32m  + [0m[32mvalidated macro preserves effect behavior for failure case[0m [90m0.003s[0m
[32m  + [0m[32mvalidated macro works with complex effect chains[0m [90m0.001s[0m
[32m  + [0m[32mvalidated macro works with map chains[0m [90m0.001s[0m
[32m  + [0m[32mvalidated macro works with error handling[0m [90m0.001s[0m
[32m  + [0m[32mvalidated macro works with ensure patterns[0m [90m0.001s[0m
[32m  + [0m[32moptimize macro preserves effect behavior[0m [90m0.0s[0m
[32m  + [0m[32moptimize macro works with complex compositions[0m [90m0.001s[0m
[32m  + [0m[32mderive macro creates basic derivation[0m [90m0.001s[0m
[32m  + [0m[32mderive macro works with case classes[0m [90m0.001s[0m
[32m  + [0m[32mmacros compose correctly[0m [90m0.0s[0m
[32m  + [0m[32mmacros work with extension methods[0m [90m0.002s[0m
[32m  + [0m[32mmacros preserve type information[0m [90m0.0s[0m
[32m  + [0m[32mmacros work with generic types[0m [90m0.001s[0m
[32mnet.ghoula.eru.EruObserverSpec:[0m
[32m  + [0m[32munsafeRunSyncWith emits ProgramStart and ProgramEnd Success[0m [90m0.002s[0m
[32m  + [0m[32mdebug emits Step event with label before execution[0m [90m0.001s[0m
[32m  + [0m[32mtyped failure emits ProgramEnd TypedFailure and throws EruException[0m [90m0.0s[0m
[32m  + [0m[32mdefect emits ProgramEnd Defect and rethrows Throwable[0m [90m0.001s[0m
[32m  + [0m[32mProgramEnd is emitted after finalizers are drained[0m [90m0.002s[0m
[32mnet.ghoula.eru.ExitSpec:[0m
[32m  + [0m[32mExit.Success holds the value[0m [90m0.0s[0m
[32m  + [0m[32mExit.Failure holds the error[0m [90m0.0s[0m
[32m  + [0m[32mExit.Die holds the throwable[0m [90m0.0s[0m
[32m  + [0m[32mExit.Interrupt holds fiber id and cause[0m [90m0.001s[0m
[32m  + [0m[32mFiberId.fresh generates unique identifiers[0m [90m0.0s[0m
[32m  + [0m[32mFiberId.toLong returns underlying Long value[0m [90m0.0s[0m
[32m  + [0m[32mInterruptCause.Cancelled with optional reason[0m [90m0.002s[0m
[32m  + [0m[32mInterruptCause.Timeout with duration and optional operation[0m [90m0.0s[0m
[32m  + [0m[32mInterruptCause.ParentTerminated with parent info[0m [90m0.001s[0m
[32m  + [0m[32mInterruptCause.ResourceExhausted with resource and optional details[0m [90m0.001s[0m
[32m  + [0m[32mInterruptCause.Custom with name, context, and metadata[0m [90m0.002s[0m
[32m  + [0m[32mComplex InterruptCause pattern matching[0m [90m0.001s[0m
[32mnet.ghoula.eru.EruResourceSpec:[0m
[32m  + [0m[32mensure runs finalizer on success[0m [90m0.001s[0m
[32m  + [0m[32mensure runs finalizer on typed failure[0m [90m0.002s[0m
[32m  + [0m[32mensure runs finalizer on Throwable failure from effect and rethrows at edge[0m [90m0.002s[0m
[32m  + [0m[32mensure finalizers run in FILO order when nested[0m [90m0.001s[0m
[32m  + [0m[32mbracket releases exactly once on success and failure[0m [90m0.001s[0m
[32m  + [0m[32mensure suppresses finalizer typed error on success[0m [90m0.001s[0m
[32m  + [0m[32mensure suppresses finalizer Throwable on success[0m [90m0.0s[0m
[32m  + [0m[32mensure finalizer failure does not change failure outcome[0m [90m0.0s[0m
[32m  + [0m[32mensure identity with unit for success and failure[0m [90m0.001s[0m
[32m  + [0m[32mnested ensures across multiple depths follow FILO ordering[0m [90m0.002s[0m
[32mnet.ghoula.eru.EruResourceDefectSpec:[0m
[32m  + [0m[32mbracket release runs exactly once when use throws Throwable (defect path)[0m [90m0.003s[0m
[32m  + [0m[32mbracket handles defects in acquisition phase[0m [90m0.0s[0m
[32m  + [0m[32mbracket handles defects in release phase while preserving original result[0m [90m0.002s[0m
[32m  + [0m[32mensure handles defects in finalizer without affecting main result[0m [90m0.003s[0m
[32m  + [0m[32mnested bracket with defects maintains proper cleanup order[0m [90m0.007s[0m
[32m  + [0m[32mdefects in complex resource chains maintain resource safety[0m [90m0.014s[0m
[32m  + [0m[32mdefects during error recovery still trigger resource cleanup[0m [90m0.002s[0m
[32mnet.ghoula.eru.CollectionOperationsSpec:[0m
[32m  + [0m[32mforeachDiscard executes function for each element and discards results[0m [90m0.002s[0m
[32m  + [0m[32mforeachDiscard with empty collection succeeds immediately[0m [90m0.0s[0m
[32m  + [0m[32mforeachDiscard propagates first failure[0m [90m0.002s[0m
[32m  + [0m[32mforeach executes function for each element and collects results[0m [90m0.005s[0m
[32m  + [0m[32mforeach with empty collection returns empty list[0m [90m0.0s[0m
[32m  + [0m[32mforeach propagates first failure[0m [90m0.0s[0m
[32m  + [0m[32mcollectAll executes all effects and collects results[0m [90m0.007s[0m
[32m  + [0m[32mcollectAll with empty collection returns empty list[0m [90m0.0s[0m
[32m  + [0m[32mcollectAllDiscard executes all effects and discards results[0m [90m0.001s[0m
[32m  + [0m[32mfoldLeft reduces collection from left to right[0m [90m0.001s[0m
[32m  + [0m[32mfoldLeft with empty collection returns initial value[0m [90m0.0s[0m
[32m  + [0m[32mfoldLeft propagates failure[0m [90m0.001s[0m
[32m  + [0m[32mfoldRight reduces collection from right to left[0m [90m0.0s[0m
[32m  + [0m[32mfoldRight with empty collection returns initial value[0m [90m0.001s[0m
[32m  + [0m[32mcollection operations work with different collection types[0m [90m0.011s[0m
[32m  + [0m[32mcollection operations maintain order[0m [90m0.0s[0m
[32m  + [0m[32mnested collection operations work correctly[0m [90m0.002s[0m
[32mnet.ghoula.eru.trace.EruTraceSpec:[0m
[32m  + [0m[32mSpanId.fresh generates unique identifiers[0m [90m0.003s[0m
[32m  + [0m[32mTraceId.fresh generates unique identifiers[0m [90m0.007s[0m
[32m  + [0m[32mSpan creation and modification[0m [90m0.002s[0m
[32m  + [0m[32mSpan with tags[0m [90m0.003s[0m
[32m  + [0m[32mSpan with events[0m [90m0.002s[0m
[32m  + [0m[32mSpan completion[0m [90m0.001s[0m
[32m  + [0m[32mTraceContext creation and child spans[0m [90m0.001s[0m
[32m  + [0m[32mTraceContext with baggage[0m [90m0.0s[0m
[32m  + [0m[32mnested child spans maintain hierarchy[0m [90m0.001s[0m
[32m  + [0m[32mtraced extension method creates spans[0m [90m0.005s[0m
[32m  + [0m[32mtraced extension method with tags[0m [90m0.0s[0m
[32m  + [0m[32mtraced extension method preserves errors[0m [90m0.002s[0m
[32m  + [0m[32mtraced extension method works with complex chains[0m [90m0.001s[0m
[32m  + [0m[32mtraceEvent extension method works[0m [90m0.0s[0m
[32m  + [0m[32mwithTraceBaggage extension method works[0m [90m0.0s[0m
[32m  + [0m[32mtracing extensions compose with other extensions[0m [90m0.001s[0m
[32m  + [0m[32mTracingEruObserver handles different event types[0m [90m0.001s[0m
[32m  + [0m[32mstartTrace creates root trace context[0m [90m0.0s[0m
[32m  + [0m[32mgetCurrentContext returns None initially[0m [90m0.0s[0m
[32m  + [0m[32mspan status variants work correctly[0m [90m0.002s[0m
[32mnet.ghoula.eru.ResultSpec:[0m
[32m  + [0m[32mResult.succeed creates a Success with the given value[0m [90m0.001s[0m
[32m  + [0m[32mResult.fail creates a Failure with the given error[0m [90m0.004s[0m
[32m  + [0m[32mmap transforms Success values[0m [90m0.0s[0m
[32m  + [0m[32mmap preserves Failure values unchanged[0m [90m0.0s[0m
[32m  + [0m[32mflatMap chains successful computations[0m [90m0.001s[0m
[32m  + [0m[32mflatMap chains and propagates first failure[0m [90m0.0s[0m
[32m  + [0m[32mflatMap chains and propagates second failure[0m [90m0.001s[0m
[32m  + [0m[32mfold applies ifSuccess function to Success values[0m [90m0.009s[0m
[32m  + [0m[32mfold applies ifFailure function to Failure values[0m [90m0.0s[0m
[32m  + [0m[32misSuccess returns true for Success[0m [90m0.0s[0m
[32m  + [0m[32misSuccess returns false for Failure[0m [90m0.0s[0m
[32m  + [0m[32misFailure returns true for Failure[0m [90m0.0s[0m
[32m  + [0m[32misFailure returns false for Success[0m [90m0.001s[0m
[32m  + [0m[32mflatMap unifies error types correctly[0m [90m0.0s[0m
[32m  + [0m[32mflatMap unifies error types with failure[0m [90m0.002s[0m
[32m  + [0m[32mcomplex chaining with map and flatMap[0m [90m0.0s[0m
[32m  + [0m[32mcomplex chaining with early failure[0m [90m0.001s[0m
[32m  + [0m[32mfold can return different types[0m [90m0.001s[0m
[32m  + [0m[32mfactory methods work with Unit type[0m [90m0.0s[0m
[32m  + [0m[32mResult.fold transforms Success to output type[0m [90m0.001s[0m
[32m  + [0m[32mResult.fold transforms Failure to output type[0m [90m0.0s[0m
[32m  + [0m[32mResult.fold handles different input and output types[0m [90m0.003s[0m
[32m  + [0m[32mResult.toEru converts Success to successful Eru[0m [90m0.0s[0m
[32m  + [0m[32mResult.toEru converts Failure to failed Eru[0m [90m0.0s[0m
[32m  + [0m[32mResult.toEru preserves error and success types[0m [90m0.001s[0m
[32m  + [0m[32mResult.toExit converts Success to Exit.Success[0m [90m0.0s[0m
[32m  + [0m[32mResult.toExit converts Throwable Failure to Exit.Die[0m [90m0.0s[0m
[32m  + [0m[32mResult.toExit converts typed Failure to Exit.Failure[0m [90m0.001s[0m
[32m  + [0m[32mResult.toExit handles mixed error types correctly[0m [90m0.002s[0m
[32m  + [0m[32mResult extension method toEru converts Success to successful Eru[0m [90m0.0s[0m
[32m  + [0m[32mResult extension method toEru converts Failure to failed Eru[0m [90m0.001s[0m
[32m  + [0m[32mResult extension method toExit converts Success to Exit.Success[0m [90m0.0s[0m
[32m  + [0m[32mResult extension method toExit converts typed Failure to Exit.Failure[0m [90m0.001s[0m
[32m  + [0m[32mResult extension method toExit converts Throwable Failure to Exit.Die[0m [90m0.0s[0m
[32mnet.ghoula.eru.EruUtilityOperationsSpec:[0m
[32m  + [0m[32mwhen executes effect when condition is true[0m [90m0.001s[0m
[32m  + [0m[32mwhen skips effect when condition is false[0m [90m0.0s[0m
[32m  + [0m[32munless skips effect when condition is true[0m [90m0.001s[0m
[32m  + [0m[32munless executes effect when condition is false[0m [90m0.0s[0m
[32m  + [0m[32mcond returns first value when condition is true[0m [90m0.001s[0m
[32m  + [0m[32mcond returns second value when condition is false[0m [90m0.001s[0m
[32m  + [0m[32mconditional operations propagate errors[0m [90m0.0s[0m
[32m  + [0m[32miterate terminates when predicate is satisfied[0m [90m0.001s[0m
[32m  + [0m[32miterate executes multiple iterations[0m [90m0.001s[0m
[32m  + [0m[32miterate propagates errors[0m [90m0.001s[0m
[32m  + [0m[32mrepeatN executes effect exactly n times[0m [90m0.0s[0m
[32m  + [0m[32mrepeatN with zero repetitions does nothing[0m [90m0.0s[0m
[32m  + [0m[32mrepeatN propagates errors[0m [90m0.001s[0m
[32m  + [0m[32mrepeatUntil repeats until predicate is satisfied[0m [90m0.0s[0m
[32m  + [0m[32mrepeatUntil propagates errors[0m [90m0.001s[0m
[32m  + [0m[32mtap executes side effect on success without changing result[0m [90m0.001s[0m
[32m  + [0m[32mtap does not execute on failure[0m [90m0.0s[0m
[32m  + [0m[32mtap propagates errors from side effect[0m [90m0.0s[0m
[32m  + [0m[32mtapError executes side effect on failure without changing result[0m [90m0.001s[0m
[32m  + [0m[32mtapError does not execute on success[0m [90m0.0s[0m
[32m  + [0m[32mtapBoth executes appropriate side effect[0m [90m0.004s[0m
[32m  + [0m[32mfilter collects only values satisfying predicate[0m [90m0.006s[0m
[32m  + [0m[32mfilter with empty collection returns empty list[0m [90m0.0s[0m
[32m  + [0m[32mfilter propagates first failure[0m [90m0.001s[0m
[32m  + [0m[32mpartition splits collection based on effectful predicate[0m [90m0.001s[0m
[32m  + [0m[32mpartition with empty collection returns empty lists[0m [90m0.0s[0m
[32m  + [0m[32mpartition propagates errors from predicate[0m [90m0.0s[0m
[32m  + [0m[32mPhase 2 operations compose correctly[0m [90m0.002s[0m
[32m  + [0m[32mnested looping with conditional execution[0m [90m0.002s[0m
[32m  + [0m[32merror handling across Phase 2 operations[0m [90m0.002s[0m
[32mnet.ghoula.eru.FiberContextSpec:[0m
[32m  + [0m[32mFiberState values are distinct[0m [90m0.002s[0m
[32m  + [0m[32mFiberContext.root creates root context with no parent[0m [90m0.001s[0m
[32m  + [0m[32mFiberContext.child creates child context with parent[0m [90m0.002s[0m
[32m  + [0m[32mFiberContext.withState updates state[0m [90m0.001s[0m
[32m  + [0m[32mFiberContext.withParent updates parent[0m [90m0.001s[0m
[32m  + [0m[32mFiberContext.isChildOf returns true for correct parent[0m [90m0.0s[0m
[32m  + [0m[32mFiberContext.isChildOf returns false for incorrect parent[0m [90m0.0s[0m
[32m  + [0m[32mFiberContext.isChildOf returns false for root context[0m [90m0.001s[0m
[32m  + [0m[32mFiberContext.ageNanos returns positive age[0m [90m0.002s[0m
[32m  + [0m[32mMultiple root contexts have different IDs[0m [90m0.0s[0m
[32m  + [0m[32mMultiple child contexts with same parent have different IDs[0m [90m0.002s[0m
[32m  + [0m[32mFiberContext immutability - withState doesn't mutate original[0m [90m0.0s[0m
[32m  + [0m[32mFiberContext immutability - withParent doesn't mutate original[0m [90m0.001s[0m
[32mnet.ghoula.eru.api.PreludeApiSpec:[0m
[32m  + [0m[32mPreludeApi exports Result extension methods[0m [90m0.002s[0m
[32m  + [0m[32mPreludeApi exports Result extension methods for failures[0m [90m0.003s[0m
[32m  + [0m[32mPreludeApi exports Eru resource safety extensions[0m [90m0.001s[0m
[32m  + [0m[32mPreludeApi exports Eru error handling extensions[0m [90m0.002s[0m
[32m  + [0m[32mPreludeApi exports Eru debugging extensions[0m [90m0.0s[0m
[32m  + [0m[32mPreludeApi exports Eru bracket extension method[0m [90m0.001s[0m
[32m  + [0m[32mPreludeApi exports Eru attempt extension method[0m [90m0.001s[0m
[32m  + [0m[32mPreludeApi exports additional Result convenience methods[0m [90m0.001s[0m
[32m  + [0m[32mPreludeApi exports advanced Eru extensions[0m [90m0.006s[0m
[32mnet.ghoula.eru.EruResourceSafetyExtensionsSpec:[0m
[32m  + [0m[32mensureAll runs multiple finalizers in FILO order[0m [90m0.001s[0m
[32m  + [0m[32mensureAll runs finalizers even on failure[0m [90m0.001s[0m
[32m  + [0m[32mautoCleanup calls cleanup function on success value[0m [90m0.002s[0m
[32m  + [0m[32mautoCleanup calls cleanup even when subsequent operations fail[0m [90m0.002s[0m
[32m  + [0m[32mautoClose works with AutoCloseable resources[0m [90m0.001s[0m
[32m  + [0m[32mautoClose handles exceptions during close[0m [90m0.0s[0m
[32m  + [0m[32museScoped provides resource to use function and ensures cleanup[0m [90m0.002s[0m
[32m  + [0m[32museScoped ensures cleanup even when use function fails[0m [90m0.002s[0m
[32m  + [0m[32mpooled ensures resource is returned to pool[0m [90m0.001s[0m
[32m  + [0m[32mvalidateResource succeeds when validation passes[0m [90m0.0s[0m
[32m  + [0m[32mvalidateResource fails when validation fails[0m [90m0.001s[0m
[32m  + [0m[32mvalidateResource adds finalizer for successful validation[0m [90m0.0s[0m
[32m  + [0m[32mcomplex resource safety scenario with multiple patterns[0m [90m0.005s[0m
[32m  + [0m[32mnested resource patterns work correctly[0m [90m0.001s[0m
[32m  + [0m[32mconcurrent resource cleanup maintains FILO order under resource contention[0m [90m0.019s[0m
[32m  + [0m[32mresource safety with exception propagation in finalizers[0m [90m0.002s[0m
[32m  + [0m[32mresource acquisition and release with interleaved failures[0m [90m0.002s[0m
[info] Starting process '/home/hakim/personal/eru/eru-core/.native/target/scala-3.7.3/eru-core-test' on port '43479'.
[32mnet.ghoula.eru.EruMonadLawsSpec:[0m
[32m  + [0m[32mLeft Identity: Eru.succeed(a).flatMap(f) == f(a)[0m [90m0.001s[0m
[32m  + [0m[32mRight Identity: eru.flatMap(Eru.succeed) == eru[0m [90m0.0s[0m
[32m  + [0m[32mAssociativity: eru.flatMap(f).flatMap(g) == eru.flatMap(a => f(a).flatMap(g))[0m [90m0.001s[0m
[32m  + [0m[32mLeft Identity holds for failing computations[0m [90m0.003s[0m
[32m  + [0m[32mRight Identity holds for failing effects[0m [90m0.0s[0m
[32m  + [0m[32mAssociativity holds with mixed success and failure[0m [90m0.002s[0m
[32m  + [0m[32mmap/flatMap coherence: eru.map(f) == eru.flatMap(f.andThen(Eru.succeed))[0m [90m0.001s[0m
[32m  + [0m[32mflatMap/join coherence: eru.flatMap(f) == eru.map(f).join[0m [90m0.0s[0m
[32m  + [0m[32morElse associativity: (a orElse b) orElse c == a orElse (b orElse c)[0m [90m0.003s[0m
[32m  + [0m[32mrecover/recoverWith coherence: eru.recover(pf) == eru.recoverWith(pf.andThen(Eru.succeed))[0m [90m0.0s[0m
[32m  + [0m[32mFunctor law: fmap(id) = id[0m [90m0.021s[0m
[32m  + [0m[32mFunctor law: fmap(f . g) = fmap(f) . fmap(g)[0m [90m0.008s[0m
[32m  + [0m[32mMonad law: left identity - pure(a) >>= f = f(a)[0m [90m0.004s[0m
[32m  + [0m[32mMonad law: right identity - m >>= pure = m[0m [90m0.002s[0m
[32m  + [0m[32mMonad law: associativity - (m >>= f) >>= g = m >>= (\\x -> f x >>= g)[0m [90m0.006s[0m
[32mnet.ghoula.eru.EruPropertyBasedSpec:[0m
[32m  + [0m[32mmap preserves errors - failed effects remain failed after mapping[0m [90m0.091s[0m
[32m  + [0m[32mflatMap error propagation - first error in chain is preserved[0m [90m0.008s[0m
[32m  + [0m[32mattempt never fails at type level - always produces Result[0m [90m0.003s[0m
[32m  + [0m[32morElse provides fallback only on failure[0m [90m0.005s[0m
[32m  + [0m[32mzip combines successful results into pairs[0m [90m0.006s[0m
[32m  + [0m[32mzip short-circuits on first failure[0m [90m0.003s[0m
[32m  + [0m[32mrecover converts matched errors to success[0m [90m0.003s[0m
[32m  + [0m[32mrecover leaves unmatched errors as failures[0m [90m0.003s[0m
[32mnet.ghoula.eru.EruAdvancedMethodsSpec:[0m
[32m  + [0m[32mmapError transforms error values without affecting success[0m [90m0.001s[0m
[32m  + [0m[32mmapError transforms error values in failed computations[0m [90m0.0s[0m
[32m  + [0m[32mmapError preserves success type while changing error type[0m [90m0.001s[0m
[32m  + [0m[32mmapError composes correctly with multiple transformations[0m [90m0.0s[0m
[32m  + [0m[32mmapError with side effects executes only on failure[0m [90m0.003s[0m
[32m  + [0m[32mmapError preserves success values unchanged[0m [90m0.029s[0m
[32m  + [0m[32mmapError transforms all error values[0m [90m0.012s[0m
[32m  + [0m[32mmapError composition follows function composition laws[0m [90m0.005s[0m
[32m  + [0m[32mensure executes finalizer after successful computation[0m [90m0.001s[0m
[32m  + [0m[32mensure executes finalizer after failed computation[0m [90m0.001s[0m
[32m  + [0m[32mensure finalizer failure does not affect main computation result[0m [90m0.0s[0m
[32m  + [0m[32mensure with multiple finalizers executes all in reverse order[0m [90m0.001s[0m
[32m  + [0m[32mensure with nested computations[0m [90m0.002s[0m
[32m  + [0m[32mensure always executes finalizer regardless of success or failure[0m [90m0.003s[0m
[32m  + [0m[32mensure preserves original computation result[0m [90m0.003s[0m
[32m  + [0m[32mbracket executes use function with acquired resource[0m [90m0.001s[0m
[32m  + [0m[32mbracket executes release function after use completes[0m [90m0.001s[0m
[32m  + [0m[32mbracket executes release function even when use fails[0m [90m0.0s[0m
[32m  + [0m[32mbracket release failure does not mask use result[0m [90m0.001s[0m
[32m  + [0m[32mbracket with resource acquisition failure[0m [90m0.002s[0m
[32m  + [0m[32mbracket with complex resource patterns[0m [90m0.002s[0m
[32m  + [0m[32mbracket always releases acquired resources[0m [90m0.003s[0m
[32m  + [0m[32mbracket preserves use function result when successful[0m [90m0.013s[0m
[32m  + [0m[32mmapError, ensure, and bracket work together[0m [90m0.005s[0m
[32mnet.ghoula.eru.ResultPropertyBasedSpec:[0m
[32m  + [0m[32mFunctor law: fmap(id) = id for Result[0m [90m0.03s[0m
[32m  + [0m[32mFunctor law: fmap(f . g) = fmap(f) . fmap(g) for Result[0m [90m0.008s[0m
[32m  + [0m[32mMonad law: left identity for Result - pure(a) >>= f = f(a)[0m [90m0.003s[0m
[32m  + [0m[32mMonad law: right identity for Result - m >>= pure = m[0m [90m0.004s[0m
[32m  + [0m[32mMonad law: associativity for Result - (m >>= f) >>= g = m >>= (\\x -> f x >>= g)[0m [90m0.007s[0m
[32m  + [0m[32mmap preserves Success values with transformation[0m [90m0.004s[0m
[32m  + [0m[32mmap preserves Failure values unchanged[0m [90m0.004s[0m
[32m  + [0m[32mflatMap error propagation - first error in chain is preserved[0m [90m0.002s[0m
[32m  + [0m[32mfold catamorphism property - handles both cases correctly[0m [90m0.001s[0m
[32m  + [0m[32misSuccess and isFailure are complementary[0m [90m0.001s[0m
[32m  + [0m[32misSuccess returns true only for Success values[0m [90m0.002s[0m
[32m  + [0m[32misFailure returns true only for Failure values[0m [90m0.001s[0m
[32m  + [0m[32mResult.succeed creates Success values[0m [90m0.001s[0m
[32m  + [0m[32mResult.fail creates Failure values[0m [90m0.002s[0m
[32m  + [0m[32mResult.fold catamorphism produces correct output type[0m [90m0.008s[0m
[32m  + [0m[32mResult.toEru preserves Success and Failure semantics[0m [90m0.004s[0m
[32m  + [0m[32mResult.toExit preserves Success values[0m [90m0.001s[0m
[32m  + [0m[32mResult.toExit converts Throwable failures to Exit.Die[0m [90m0.001s[0m
[32m  + [0m[32mResult.toExit converts typed failures to Exit.Failure[0m [90m0.001s[0m
[32m  + [0m[32mResult composition preserves algebraic laws[0m [90m0.007s[0m
ProgramStart(-6528812084803619914)
ProgramEnd(-6528812084803619914,Defect(java.lang.RuntimeException: test error))
[32mnet.ghoula.eru.EruObserverComprehensiveSpec:[0m
[32m  + [0m[32mEruObserver.noop does not affect program execution[0m [90m0.002s[0m
[32m  + [0m[32mEruObserver.console captures program execution events[0m [90m0.001s[0m
[32m  + [0m[32mScopeId.fresh generates unique identifiers under concurrent access[0m [90m0.069s[0m
[32m  + [0m[32mMultiple observers can be composed[0m [90m0.001s[0m
[32m  + [0m[32mObserver does not interfere with error propagation[0m [90m0.001s[0m
[32mnet.ghoula.eru.EruSpec:[0m
[32m  + [0m[32mEru.succeed creates a Succeed with the given value[0m [90m0.001s[0m
[32m  + [0m[32mEru.effect creates an Effect with the given computation[0m [90m0.0s[0m
[32m  + [0m[32mEru.succeed is eager - it evaluates its argument immediately[0m [90m0.001s[0m
[32m  + [0m[32mEru.effect is lazy - does not execute computation immediately[0m [90m0.001s[0m
[32m  + [0m[32mmap transforms values lazily[0m [90m0.001s[0m
[32m  + [0m[32mmap on Succeed transforms values correctly[0m [90m0.0s[0m
[32m  + [0m[32mflatMap chains computations lazily[0m [90m0.003s[0m
[32m  + [0m[32mflatMap with Succeed chains correctly[0m [90m0.001s[0m
[32m  + [0m[32mcomplex chaining with map and flatMap[0m [90m0.001s[0m
[32m  + [0m[32mcomplex chaining with Effects[0m [90m0.002s[0m
[32m  + [0m[32munsafeRunSync handles nested flatMap correctly[0m [90m0.0s[0m
[32m  + [0m[32mstack safety with large number of flatMap chains[0m [90m0.004s[0m
[32m  + [0m[32mstack safety with large number of map chains[0m [90m0.003s[0m
[32m  + [0m[32mstack safety with mixed map and flatMap chains[0m [90m0.004s[0m
[32m  + [0m[32mflatMap maintains type safety[0m [90m0.0s[0m
[32m  + [0m[32meffect with side effects executes correctly[0m [90m0.001s[0m
[32m  + [0m[32mmultiple runs of the same Eru execute independently[0m [90m0.001s[0m
[32m  + [0m[32msucceed with Unit type[0m [90m0.0s[0m
[32m  + [0m[32meffect with Unit type[0m [90m0.001s[0m
[32m  + [0m[32mdeeply nested Chain structure executes correctly[0m [90m0.001s[0m
[32m  + [0m[32mexception in effect computation is thrown on unsafeRunSync[0m [90m0.001s[0m
[32m  + [0m[32mexception in map function is thrown on unsafeRunSync[0m [90m0.0s[0m
[32m  + [0m[32mexception in flatMap function is thrown on unsafeRunSync[0m [90m0.001s[0m
[32m  + [0m[32mEru.fail creates a failed Eru[0m [90m0.0s[0m
[32m  + [0m[32mmapError transforms error type on failure[0m [90m0.0s[0m
[32m  + [0m[32mmapError leaves success unchanged[0m [90m0.001s[0m
[32m  + [0m[32mmapError is lazy - transformation function not called on success[0m [90m0.001s[0m
[32m  + [0m[32mrecover converts specific errors to success values[0m [90m0.001s[0m
[32m  + [0m[32mrecover leaves unmatched errors as failures[0m [90m0.001s[0m
[32m  + [0m[32mrecover leaves success values unchanged[0m [90m0.001s[0m
[32m  + [0m[32mrecoverWith provides alternative computations for errors[0m [90m0.0s[0m
[32m  + [0m[32mrecoverWith can transform to different error types[0m [90m0.001s[0m
[32m  + [0m[32mrecoverWith leaves unmatched errors as failures[0m [90m0.003s[0m
[32m  + [0m[32mrecoverWith leaves success values unchanged[0m [90m0.001s[0m
[32m  + [0m[32morElse provides fallback computation on failure[0m [90m0.002s[0m
[32m  + [0m[32morElse returns original success without evaluating fallback[0m [90m0.005s[0m
[32m  + [0m[32morElse can combine different error types[0m [90m0.006s[0m
[32m  + [0m[32morElse is lazy - fallback not evaluated immediately[0m [90m0.001s[0m
[32m  + [0m[32mfromEither creates success from Right[0m [90m0.001s[0m
[32m  + [0m[32mfromEither creates failure from Left[0m [90m0.0s[0m
[32m  + [0m[32mfromTry creates success from successful Try[0m [90m0.001s[0m
[32m  + [0m[32mfromTry creates failure from failed Try[0m [90m0.0s[0m
[32m  + [0m[32mfromTry is lazy - Try evaluation is suspended[0m [90m0.002s[0m
[32m  + [0m[32mzip combines two successful computations into a tuple[0m [90m0.0s[0m
[32m  + [0m[32mzip short-circuits on left failure and does not evaluate right[0m [90m0.001s[0m
[32m  + [0m[32mzip propagates right failure when left succeeds[0m [90m0.001s[0m
[32m  + [0m[32mEruException wraps error correctly[0m [90m0.0s[0m
[32m  + [0m[32mmap preserves errors[0m [90m0.001s[0m
[32m  + [0m[32mflatMap preserves errors from source[0m [90m0.001s[0m
[32m  + [0m[32mflatMap preserves errors from transformation function[0m [90m0.001s[0m
[32m  + [0m[32mchained operations preserve first error[0m [90m0.001s[0m
[32m  + [0m[32mcomplex error recovery chain[0m [90m0.0s[0m
[32m  + [0m[32msingle level recoverWith with error transformation[0m [90m0.0s[0m
[32m  + [0m[32morElse with immediate success fallback[0m [90m0.001s[0m
[32m  + [0m[32mcomplex error recovery with mixed operations[0m [90m0.0s[0m
[32m  + [0m[32mflatMap after recoverWith should not cause infinite loop[0m [90m0.001s[0m
[32m  + [0m[32mflatMap after mapError should not cause infinite loop[0m [90m0.001s[0m
[32m  + [0m[32mattempt returns Result.Success on success[0m [90m0.0s[0m
[32m  + [0m[32mattempt returns Result.Failure on typed error[0m [90m0.0s[0m
[32m  + [0m[32mattempt returns Result.Failure on Throwable from effect[0m [90m0.001s[0m
[32m  + [0m[32mattempt is lazy and executes only once[0m [90m0.0s[0m
[32m  + [0m[32mfromOption succeeds on Some and fails on None lazily[0m [90m0.003s[0m
[32m  + [0m[32munit returns () and composes[0m [90m0.0s[0m
[32m  + [0m[32munsafeRunSync rethrows Throwable even when typed via fail[0m [90m0.001s[0m
[32m  + [0m[32mEru.blocking is lazy - does not execute computation immediately[0m [90m0.0s[0m
[32m  + [0m[32mEru.blocking returns success for pure computation[0m [90m0.0s[0m
[32m  + [0m[32mEru.blocking captures NonFatal and rethrows at the edge[0m [90m0.001s[0m
[32m  + [0m[32meager evaluation: succeed().map() evaluates immediately at construction time[0m [90m0.002s[0m
[32m  + [0m[32meager evaluation: chained maps on succeed() are evaluated immediately[0m [90m0.001s[0m
[32m  + [0m[32meager evaluation: map on Effect is not evaluated immediately[0m [90m0.001s[0m
[32m  + [0m[32meager evaluation: map exception handling converts to Effect[0m [90m0.001s[0m
[32m  + [0m[32mmixed pure/impure chains behave correctly with selective flatMap optimization and pure fusion[0m [90m0.003s[0m
[32m  + [0m[32mpure fusion: succeed().flatMap(pure) fuses at construction[0m [90m0.002s[0m
[32m  + [0m[32mpure fusion: chained pure flatMaps fuse at construction[0m [90m0.001s[0m
[32m  + [0m[32meager evaluation: flatMap on Effect is not evaluated immediately[0m [90m0.001s[0m
[32m  + [0m[32mpure fusion detection: non-pure continuation is inspected at construction and effect remains lazy[0m [90m0.001s[0m
[32m  + [0m[32mflatMap optimization disabled: exception handling works correctly[0m [90m0.0s[0m
[32m  + [0m[32mpure fusion detection: continuation body side effects may occur at construction; effects remain deferred[0m [90m0.001s[0m
[32m  + [0m[32mconstruction-time optimizations preserve correctness for complex chains[0m [90m0.001s[0m
[32m  + [0m[32mFunctor Identity: eru.map(identity) == eru[0m [90m0.0s[0m
[32m  + [0m[32mFunctor Composition: eru.map(f).map(g) == eru.map(f.andThen(g))[0m [90m0.001s[0m
[32m  + [0m[32mFunctor laws hold for failing effects[0m [90m0.0s[0m
[32m  + [0m[32mApplicative Identity: pure(identity) <*> v = v[0m [90m0.001s[0m
[32m  + [0m[32mApplicative Composition: demonstrates function composition through zip[0m [90m0.001s[0m
[32m  + [0m[32mstack safety for deep flatMap chains[0m [90m0.033s[0m
[32m  + [0m[32mstack safety for deep map chains[0m [90m0.007s[0m
[info] Starting process '/home/hakim/personal/eru/eru-core/.native/target/scala-3.7.3/eru-core-test' on port '33877'.
[info] Starting process '/home/hakim/personal/eru/eru-core/.native/target/scala-3.7.3/eru-core-test' on port '32997'.
net.ghoula.eru.EruCompanionMethodsSpec:
net.ghoula.eru.meta.EruMacrosSpec:
[info] Starting process '/home/hakim/personal/eru/eru-core/.native/target/scala-3.7.3/eru-core-test' on port '41319'.
  + Eru.blocking executes computation lazily 0.002s
  + validated macro preserves effect behavior for simple success case 0.002s
  + Eru.blocking captures exceptions as typed errors 0.002s
  + Eru.blocking handles side effects correctly 0.000s
  + Eru.blocking preserves successful computations 0.000s
  + Eru.blocking is equivalent to Eru.effect for pure computations 0.000s
  + Eru.fromEither converts Right values to Success 0.000s
  + validated macro preserves effect behavior for failure case 0.003s
  + Eru.fromEither converts Left values to Failure 0.000s
  + validated macro works with complex effect chains 0.000s
  + validated macro works with map chains 0.000s
  + validated macro works with error handling 0.000s
  + Eru.fromEither preserves error and success types 0.000s  + validated macro works with ensure patterns 0.000s

  + optimize macro preserves effect behavior 0.000s
  + optimize macro works with complex compositions 0.000s
  + derive macro creates basic derivation 0.000s
  + Eru.fromEither preserves Either semantics 0.000s  + derive macro works with case classes 0.000s

  + macros compose correctly 0.000s
  + macros work with extension methods 0.000s
  + macros preserve type information 0.000s
  + Eru.fromEither round-trip with attempt preserves values 0.000s
  + macros work with generic types 0.000s
  + Eru.fromTry converts Success values to Eru success 0.000s
  + Eru.fromTry converts Failure values to Eru failure 0.000s
  + Eru.fromTry evaluates Try lazily 0.000s
net.ghoula.eru.ResultPropertyBasedSpec:
[info] Starting process '/home/hakim/personal/eru/eru-core/.native/target/scala-3.7.3/eru-core-test' on port '33447'.
  + Eru.fromTry preserves Try semantics 0.004s
net.ghoula.eru.CorePreludeSpec:
  + Eru.fromTry is equivalent to Eru.effect for pure computations 0.003s
  + Eru.fromOption converts Some values to Success 0.000s
  + Functor law: fmap(id) = id for Result 0.007s
  + Functor law: fmap(f . g) = fmap(f) . fmap(g) for Result 0.000s
  + Monad law: left identity for Result - pure(a) >>= f = f(a) 0.000s
  + Eru.fromOption converts None to Failure with provided error 0.001s
  + Eru.fromOption evaluates option and error lazily 0.000s
  + Monad law: right identity for Result - m >>= pure = m 0.000s
  + Monad law: associativity for Result - (m >>= f) >>= g = m >>= (\\x -> f x >>= g) 0.000s
  + Eru.fromOption evaluates error lazily only for None case 0.000s
  + Eru.fromOption preserves Option semantics 0.000s
  + Eru.fromOption with Some is equivalent to Eru.succeed 0.000s
  + Eru.unit contains Unit value 0.000s
  + Eru.unit is a successful effect 0.000s
  + Eru.unit can be composed with other effects 0.000s
  + Eru.unit is equivalent to Eru.succeed(()) 0.000s
[info] Starting process '/home/hakim/personal/eru/eru-core/.native/target/scala-3.7.3/eru-core-test' on port '36331'.
  + Eru.unit always succeeds with Unit 0.001s
  + All companion methods compose correctly in for-comprehension 0.000s
  + All companion methods handle errors correctly in composition 0.000s
  + Eru.iterateN with n=0 returns start value immediately 0.000s
  + Eru.iterateN with n=1 executes step once 0.000s
  + Eru.iterateN with negative n fails with descriptive error 0.000s
  + Eru.iterateN executes exactly n iterations 0.000s
  + map preserves Success values with transformation 0.003s
  + Eru.iterateN handles large iteration counts without stack overflow 0.000s
  + Eru.iterateN propagates step function errors 0.000s
  + map preserves Failure values unchanged 0.000s
  + flatMap error propagation - first error in chain is preserved 0.000s
  + Eru.iterateN with n iterations produces correct final value 0.000s
  + fold catamorphism property - handles both cases correctly 0.000s
  + isSuccess and isFailure are complementary 0.000s
  + CorePrelude exports Eru type and companion object 0.005s
  + CorePrelude exports Eru factory methods directly 0.000s
  + isSuccess returns true only for Success values 0.001s
  + CorePrelude provides access to extension methods 0.000s
  + CorePrelude provides complete prelude for typical usage 0.000s
  + isFailure returns true only for Failure values 0.000s
  + Result.succeed creates Success values 0.000s
  + Result.fail creates Failure values 0.000s
  + Result.fold catamorphism produces correct output type 0.000s
  + Result.toEru preserves Success and Failure semantics 0.000s
  + Result.toExit preserves Success values 0.000s
  + Eru.unfold generates empty list when starting with None 0.002s
net.ghoula.eru.EruAdvancedMethodsSpec:
  + Eru.unfold generates single element list 0.001s
  + Eru.unfold generates Fibonacci sequence 0.000s
  + Eru.unfold propagates errors from generator function 0.001s
  + Eru.unfold handles large sequences without stack overflow 0.001s
[info] Starting process '/home/hakim/personal/eru/eru-core/.native/target/scala-3.7.3/eru-core-test' on port '35621'.
  + Result.toExit converts Throwable failures to Exit.Die 0.003s
  + Result.toExit converts typed failures to Exit.Failure 0.000s
  + Result composition preserves algebraic laws 0.000s
  + mapError transforms error values without affecting success 0.005s
  + mapError transforms error values in failed computations 0.003s
net.ghoula.eru.api.PreludeApiSpec:
  + mapError preserves success type while changing error type 0.000s
  + mapError composes correctly with multiple transformations 0.000s
  + mapError with side effects executes only on failure 0.000s
  + mapError preserves success values unchanged 0.000s
  + mapError transforms all error values 0.000s
[info] Starting process '/home/hakim/personal/eru/eru-core/.native/target/scala-3.7.3/eru-core-test' on port '41243'.
  + mapError composition follows function composition laws 0.001s
  + ensure executes finalizer after successful computation 0.000s
  + ensure executes finalizer after failed computation 0.000s
  + ensure finalizer failure does not affect main computation result 0.001s
  + ensure with multiple finalizers executes all in reverse order 0.000s
  + ensure with nested computations 0.000s
net.ghoula.eru.EruExceptionSpec:
  + PreludeApi exports Result extension methods 0.007s
  + PreludeApi exports Result extension methods for failures 0.000s
  + PreludeApi exports Eru resource safety extensions 0.000s
  + EruException constructor wraps error correctly 0.004s
  + EruException.apply factory method creates instance 0.000s
  + PreludeApi exports Eru error handling extensions 0.003s
  + PreludeApi exports Eru debugging extensions 0.000s
  + PreludeApi exports Eru bracket extension method 0.000s
  + EruException can be thrown and caught 0.002s
  + PreludeApi exports Eru attempt extension method 0.000s
  + PreludeApi exports additional Result convenience methods 0.000s
  + PreludeApi exports advanced Eru extensions 0.000s
  + ensure always executes finalizer regardless of success or failure 0.010s
  + ensure preserves original computation result 0.000s
  + bracket executes use function with acquired resource 0.000s
  + bracket executes release function after use completes 0.000s
  + bracket executes release function even when use fails 0.000s
  + bracket release failure does not mask use result 0.002s
  + bracket with resource acquisition failure 0.000s
  + bracket with complex resource patterns 0.000s
net.ghoula.eru.internal.PreludeApiSpec:
  + internal PreludeApi delegates Result extension methods correctly 0.002s
  + internal PreludeApi delegates Result failure cases 0.000s
  + internal PreludeApi delegates Eru resource extensions 0.000s
  + internal PreludeApi delegates Eru resource management extensions 0.000s
  + internal PreludeApi delegates Eru scoped resource extensions 0.000s
  + bracket always releases acquired resources 0.007s
  + bracket preserves use function result when successful 0.000s
  + internal PreludeApi delegates Eru resource validation extensions 0.003s
  + mapError, ensure, and bracket work together 0.000s
  + internal PreludeApi delegates Eru error accumulation extensions 0.001s
  + internal PreludeApi delegates Eru validation extensions 0.000s
  + internal PreludeApi delegates Eru fallback extensions 0.000s
net.ghoula.eru.EruResourceSpec:
  + internal PreludeApi delegates Eru error contextualization extensions 0.000s
  + internal PreludeApi delegates Eru tracing extensions 0.000s
  + internal PreludeApi delegates Eru macro extensions 0.000s
  + ensure runs finalizer on success 0.002s
  + ensure runs finalizer on typed failure 0.003s
  + ensure runs finalizer on Throwable failure from effect and rethrows at edge 0.000s
  + ensure finalizers run in FILO order when nested 0.000s
  + bracket releases exactly once on success and failure 0.000s
  + ensure suppresses finalizer typed error on success 0.000s
  + ensure suppresses finalizer Throwable on success 0.000s
  + ensure finalizer failure does not change failure outcome 0.000s
  + ensure identity with unit for success and failure 0.000s
  + nested ensures across multiple depths follow FILO ordering 0.000s
[info] Starting process '/home/hakim/personal/eru/eru-core/.native/target/scala-3.7.3/eru-core-test' on port '36701'.
net.ghoula.eru.EruDebugSpec:
  + debug method does not affect computation result for success 0.000s
  + debug method does not affect computation result for failure 0.005s
  + debug method does not affect computation result for effects 0.000s
  + debug emits Step event with correct label when executed with observer 0.000s
  + debug label is evaluated lazily 0.000s
  + debug label is evaluated only when observer is present 0.000s
  + multiple debug labels in chain emit multiple Step events 0.000s
  + debug works correctly with error handling chains 0.000s
  + debug integrates correctly with resource management 0.000s
  + debug works with complex effect compositions 0.000s
  + debug step events contain valid scope information 0.000s
  + debug preserves execution order in observer events 0.000s
[info] Starting process '/home/hakim/personal/eru/eru-core/.native/target/scala-3.7.3/eru-core-test' on port '41803'.
net.ghoula.eru.EruResourceLawsSpec:
  + ensure identity: fa.ensure(unit).attempt == fa.attempt (randomized) 0.001s
  + bracket release runs exactly once regardless of use outcome (randomized) 0.005s
  + nested ensures follow FILO ordering for random depths 0.005s
net.ghoula.eru.EruPropertyBasedSpec:net.ghoula.eru.trace.EruTraceSpec:

  + SpanId.fresh generates unique identifiers 0.000s
  + map preserves errors - failed effects remain failed after mapping 0.000s
  + TraceId.fresh generates unique identifiers 0.000s
  + Span creation and modification 0.000s
  + Span with tags 0.000s
  + Span with events 0.000s
  + flatMap error propagation - first error in chain is preserved 0.000s
  + Span completion 0.000s
  + TraceContext creation and child spans 0.000s
net.ghoula.eru.EruMonadLawsSpec:
  + TraceContext with baggage 0.000s
  + nested child spans maintain hierarchy 0.000s
  + traced extension method creates spans 0.000s
  + traced extension method with tags 0.000s
  + attempt never fails at type level - always produces Result 0.001s
  + orElse provides fallback only on failure 0.000s
  + Eru.unfold respects termination condition 0.072s
  + Left Identity: Eru.succeed(a).flatMap(f) == f(a) 0.004s
  + Right Identity: eru.flatMap(Eru.succeed) == eru 0.000s
  + Associativity: eru.flatMap(f).flatMap(g) == eru.flatMap(a => f(a).flatMap(g)) 0.000s
  + Eru.sequence with empty list returns empty list 0.000s
  + Eru.sequence with single success returns single element list 0.000s
  + Eru.sequence with multiple successes returns all results 0.000s
  + Eru.sequence fails fast on first error 0.000s
  + Eru.sequence handles large lists without stack overflow 0.000s
  + traced extension method preserves errors 0.006s
  + traced extension method works with complex chains 0.000s
  + traceEvent extension method works 0.000s
  + withTraceBaggage extension method works 0.000s
  + tracing extensions compose with other extensions 0.000s
  + TracingEruObserver handles different event types 0.000s
  + startTrace creates root trace context 0.000s  + zip combines successful results into pairs 0.005s

  + getCurrentContext returns None initially 0.000s
  + span status variants work correctly 0.000s
  + zip short-circuits on first failure 0.000s
  + Eru.sequence preserves order 0.001s
  + Eru.traverse with empty list returns empty list 0.000s
  + Eru.traverse transforms and sequences correctly 0.000s
  + recover converts matched errors to success 0.000s
  + Eru.traverse fails fast on first transformation error 0.000s
  + Eru.traverse handles large lists without stack overflow 0.000s
  + recover leaves unmatched errors as failures 0.000s
  + Eru.traverse is equivalent to sequence(map(f)) 0.000s
[32mnet.ghoula.eru.EruCompanionMethodsSpec:[0m
[32m  + [0m[32mEru.blocking executes computation lazily[0m [90m0.001s[0m
[32m  + [0m[32mEru.blocking captures exceptions as typed errors[0m [90m0.001s[0m
[32m  + [0m[32mEru.blocking handles side effects correctly[0m [90m0.0s[0m
[32m  + [0m[32mEru.blocking preserves successful computations[0m [90m0.08s[0m
[32m  + [0m[32mEru.blocking is equivalent to Eru.effect for pure computations[0m [90m0.007s[0m
[32m  + [0m[32mEru.fromEither converts Right values to Success[0m [90m0.001s[0m
[32m  + [0m[32mEru.fromEither converts Left values to Failure[0m [90m0.0s[0m
[32m  + [0m[32mEru.fromEither preserves error and success types[0m [90m0.0s[0m
[32m  + [0m[32mEru.fromEither preserves Either semantics[0m [90m0.005s[0m
[32m  + [0m[32mEru.fromEither round-trip with attempt preserves values[0m [90m0.005s[0m
[32m  + [0m[32mEru.fromTry converts Success values to Eru success[0m [90m0.002s[0m
[32m  + [0m[32mEru.fromTry converts Failure values to Eru failure[0m [90m0.0s[0m
[32m  + [0m[32mEru.fromTry evaluates Try lazily[0m [90m0.001s[0m
[32m  + [0m[32mEru.fromTry preserves Try semantics[0m [90m0.006s[0m
[32m  + [0m[32mEru.fromTry is equivalent to Eru.effect for pure computations[0m [90m0.003s[0m
[32m  + [0m[32mEru.fromOption converts Some values to Success[0m [90m0.0s[0m
[32m  + [0m[32mEru.fromOption converts None to Failure with provided error[0m [90m0.002s[0m
[32m  + [0m[32mEru.fromOption evaluates option and error lazily[0m [90m0.003s[0m
[32m  + [0m[32mEru.fromOption evaluates error lazily only for None case[0m [90m0.001s[0m
[32m  + [0m[32mEru.fromOption preserves Option semantics[0m [90m0.003s[0m
[32m  + [0m[32mEru.fromOption with Some is equivalent to Eru.succeed[0m [90m0.002s[0m
[32m  + [0m[32mEru.unit contains Unit value[0m [90m0.0s[0m
[32m  + [0m[32mEru.unit is a successful effect[0m [90m0.0s[0m
[32m  + [0m[32mEru.unit can be composed with other effects[0m [90m0.001s[0m
[32m  + [0m[32mEru.unit is equivalent to Eru.succeed(())[0m [90m0.0s[0m
[32m  + [0m[32mEru.unit always succeeds with Unit[0m [90m0.01s[0m
[32m  + [0m[32mAll companion methods compose correctly in for-comprehension[0m [90m0.002s[0m
[32m  + [0m[32mAll companion methods handle errors correctly in composition[0m [90m0.001s[0m
[32m  + [0m[32mEru.iterateN with n=0 returns start value immediately[0m [90m0.0s[0m
[32m  + [0m[32mEru.iterateN with n=1 executes step once[0m [90m0.001s[0m
[32m  + [0m[32mEru.iterateN with negative n fails with descriptive error[0m [90m0.0s[0m
[32m  + [0m[32mEru.iterateN executes exactly n iterations[0m [90m0.001s[0m
[32m  + [0m[32mEru.iterateN handles large iteration counts without stack overflow[0m [90m0.005s[0m
[32m  + [0m[32mEru.iterateN propagates step function errors[0m [90m0.001s[0m
[32m  + [0m[32mEru.iterateN with n iterations produces correct final value[0m [90m0.006s[0m
[32m  + [0m[32mEru.unfold generates empty list when starting with None[0m [90m0.01s[0m
[32m  + [0m[32mEru.unfold generates single element list[0m [90m0.003s[0m
[32m  + [0m[32mEru.unfold generates Fibonacci sequence[0m [90m0.002s[0m
[32m  + [0m[32mEru.unfold propagates errors from generator function[0m [90m0.002s[0m
[32m  + [0m[32mEru.unfold handles large sequences without stack overflow[0m [90m0.002s[0m
[32m  + [0m[32mEru.unfold respects termination condition[0m [90m0.1s[0m
[32m  + [0m[32mEru.sequence with empty list returns empty list[0m [90m0.001s[0m
[32m  + [0m[32mEru.sequence with single success returns single element list[0m [90m0.0s[0m
[32m  + [0m[32mEru.sequence with multiple successes returns all results[0m [90m0.0s[0m
[32m  + [0m[32mEru.sequence fails fast on first error[0m [90m0.001s[0m
[32m  + [0m[32mEru.sequence handles large lists without stack overflow[0m [90m0.008s[0m
[32m  + [0m[32mEru.sequence preserves order[0m [90m0.014s[0m
[32m  + [0m[32mEru.traverse with empty list returns empty list[0m [90m0.001s[0m
[32m  + [0m[32mEru.traverse transforms and sequences correctly[0m [90m0.004s[0m
[32m  + [0m[32mEru.traverse fails fast on first transformation error[0m [90m0.001s[0m
[32m  + [0m[32mEru.traverse handles large lists without stack overflow[0m [90m0.001s[0m
[32m  + [0m[32mEru.traverse is equivalent to sequence(map(f))[0m [90m0.0s[0m
[32m  + [0m[32mEru.traverse preserves input-output correspondence[0m [90m0.01s[0m
[32m  + [0m[32mStack safety regression test for all iterative methods[0m [90m0.02s[0m
net.ghoula.eru.EruObserverComprehensiveSpec:
net.ghoula.eru.EruSpec:
  + Eru.succeed creates a Succeed with the given value 0.000s
  + Eru.effect creates an Effect with the given computation 0.000s
  + Eru.succeed is eager - it evaluates its argument immediately 0.000s
  + Eru.effect is lazy - does not execute computation immediately 0.000s
  + map transforms values lazily 0.000s
  + map on Succeed transforms values correctly 0.000s
  + flatMap chains computations lazily 0.000s
  + flatMap with Succeed chains correctly 0.000s
  + complex chaining with map and flatMap 0.000s
  + complex chaining with Effects 0.000s
  + unsafeRunSync handles nested flatMap correctly 0.000s
  + stack safety with large number of flatMap chains 0.000s
  + stack safety with large number of map chains 0.001s
  + Left Identity holds for failing computations 0.005s  + EruObserver.noop does not affect program execution 0.003s

  + EruObserver.console captures program execution events 0.000s
  + Eru.traverse preserves input-output correspondence 0.004s
  + Right Identity holds for failing effects 0.000s
  + Associativity holds with mixed success and failure 0.000s
  + map/flatMap coherence: eru.map(f) == eru.flatMap(f.andThen(Eru.succeed)) 0.000s
  + flatMap/join coherence: eru.flatMap(f) == eru.map(f).join 0.000s
  + orElse associativity: (a orElse b) orElse c == a orElse (b orElse c) 0.000s
  + recover/recoverWith coherence: eru.recover(pf) == eru.recoverWith(pf.andThen(Eru.succeed)) 0.000s
  + Functor law: fmap(id) = id 0.000s
  + Functor law: fmap(f . g) = fmap(f) . fmap(g) 0.000s
[info] Starting process '/home/hakim/personal/eru/eru-core/.native/target/scala-3.7.3/eru-core-test' on port '45795'.
  + Monad law: left identity - pure(a) >>= f = f(a) 0.000s
  + Monad law: right identity - m >>= pure = m 0.000s
net.ghoula.eru.AsyncSchedulerSpec:
  + AsyncScheduler.scheduleAsync should accept computation and observer 0.000s
  + AsyncScheduler.scheduleAsync should work with no observer 0.000s
  + AsyncScheduler.executeWithFinalizers should run successful computation 0.000s
  + stack safety with mixed map and flatMap chains 0.004s
  + flatMap maintains type safety 0.000s
  + effect with side effects executes correctly 0.000s
  + multiple runs of the same Eru execute independently 0.000s
  + succeed with Unit type 0.000s
  + effect with Unit type 0.000s
  + deeply nested Chain structure executes correctly 0.000s
  + Monad law: associativity - (m >>= f) >>= g = m >>= (\\x -> f x >>= g) 0.005s
  + AsyncScheduler.executeWithFinalizers should handle exceptions as Die 0.005s
  + AsyncFiber.onComplete should register callback for incomplete fiber 0.000s
  + AsyncFiber.onComplete should immediately invoke callback for completed fiber 0.000s
  + AsyncFiber.isCompleted should track completion state 0.000s
  + AsyncFiber.getCompleted should return None for incomplete fiber 0.000s
  + AsyncFiber.getCompleted should return Some for completed fiber 0.000s
  + AsyncFiber should be a Fiber 0.000s
  + AsyncFiber.await should provide Exit information 0.000s
  + AsyncFiber.interrupt should return Unit effect 0.000s
  + AsyncScheduler companion object returns None 0.000s
  + Multiple callbacks should all be invoked on completion 0.000s
  + exception in effect computation is thrown on unsafeRunSync 0.005s
net.ghoula.eru.EruFiberSpec:
[32mnet.ghoula.eru.ExtremeStackSafetySpec:[0m
[32m  + [0m[32mforeach handles extremely large collections without stack overflow[0m [90m0.055s[0m
[32m  + [0m[32mforeachDiscard handles extremely large collections without stack overflow[0m [90m0.115s[0m
[32m  + [0m[32mcollectAll handles extremely large effect collections without stack overflow[0m [90m0.03s[0m
[32m  + [0m[32mtraverse handles extremely large collections without stack overflow[0m [90m0.032s[0m
[32m  + [0m[32msequence handles extremely large effect collections without stack overflow[0m [90m0.02s[0m
[32m  + [0m[32mnested collection operations maintain stack safety[0m [90m0.019s[0m
[32m  + [0m[32mmixed pattern with collectAll and traverse at extreme scale[0m [90m0.021s[0m
[32m  + [0m[32merror propagation works correctly at extreme scale[0m [90m0.012s[0m
[32m  + [0m[32mextremely deep chaining with collection methods[0m [90m0.002s[0m
  + EruFiber creates fibers with unique IDs 0.000s
  + EruFiber.withId creates fiber with specified ID 0.000s
  + EruFiber.await creates Await effect 0.000s
  + EruFiber.interrupt(cause) creates effect 0.000s
  + EruFiber.interrupt() creates effect with UserInterrupt 0.000s
  + exception in map function is thrown on unsafeRunSync 0.002s
  + exception in flatMap function is thrown on unsafeRunSync 0.000s
  + Eru.fail creates a failed Eru 0.000s
  + mapError transforms error type on failure 0.000s
  + mapError leaves success unchanged 0.000s
  + mapError is lazy - transformation function not called on success 0.000s
  + recover converts specific errors to success values 0.000s
  + recover leaves unmatched errors as failures 0.000s
net.ghoula.eru.EruResourceDefectSpec:
  + ScopeId.fresh generates unique identifiers under concurrent access 0.016s
  + Multiple observers can be composed 0.000s
  + bracket release runs exactly once when use throws Throwable (defect path) 0.000s
  + bracket handles defects in acquisition phase 0.000s
  + bracket handles defects in release phase while preserving original result 0.000s
  + recover leaves success values unchanged 0.000s
  + recoverWith provides alternative computations for errors 0.000s
  + ensure handles defects in finalizer without affecting main result 0.000s
  + nested bracket with defects maintains proper cleanup order 0.000s
  + recoverWith can transform to different error types 0.000s
  + recoverWith leaves unmatched errors as failures 0.000s
  + recoverWith leaves success values unchanged 0.000s
  + orElse provides fallback computation on failure 0.000s
  + orElse returns original success without evaluating fallback 0.000s
  + defects in complex resource chains maintain resource safety 0.001s
  + defects during error recovery still trigger resource cleanup 0.000s
  + orElse can combine different error types 0.000s
  + orElse is lazy - fallback not evaluated immediately 0.000s
  + fromEither creates success from Right 0.000s
[info] Starting process '/home/hakim/personal/eru/eru-core/.native/target/scala-3.7.3/eru-core-test' on port '39889'.
  + fromEither creates failure from Left 0.000s
  + fromTry creates success from successful Try 0.000s
  + fromTry creates failure from failed Try 0.000s
  + fromTry is lazy - Try evaluation is suspended 0.000s
  + zip combines two successful computations into a tuple 0.000s
  + zip short-circuits on left failure and does not evaluate right 0.000s
  + zip propagates right failure when left succeeds 0.000s
ProgramStart(4261812622376088281)
ProgramEnd(4261812622376088281,Defect(java.lang.RuntimeException: test error))
  + EruException wraps error correctly 0.000s
  + Observer does not interfere with error propagation 0.005s
  + map preserves errors 0.000s
  + flatMap preserves errors from source 0.000s
  + Stack safety regression test for all iterative methods 0.023s  + flatMap preserves errors from transformation function 0.000s

  + chained operations preserve first error 0.000s
  + complex error recovery chain 0.001s
  + single level recoverWith with error transformation 0.000s
  + orElse with immediate success fallback 0.000s
  + complex error recovery with mixed operations 0.000s
  + flatMap after recoverWith should not cause infinite loop 0.000s
  + flatMap after mapError should not cause infinite loop 0.000s
  + attempt returns Result.Success on success 0.000s
  + attempt returns Result.Failure on typed error 0.000s
  + attempt returns Result.Failure on Throwable from effect 0.000s
  + attempt is lazy and executes only once 0.000s
  + fromOption succeeds on Some and fails on None lazily 0.000s
  + unit returns () and composes 0.000s
  + unsafeRunSync rethrows Throwable even when typed via fail 0.000s
  + Eru.blocking is lazy - does not execute computation immediately 0.000s
  + Eru.blocking returns success for pure computation 0.000s
  + Eru.blocking captures NonFatal and rethrows at the edge 0.000s
  + eager evaluation: succeed().map() evaluates immediately at construction time 0.000s
  + eager evaluation: chained maps on succeed() are evaluated immediately 0.000s
  + eager evaluation: map on Effect is not evaluated immediately 0.000s
  + eager evaluation: map exception handling converts to Effect 0.000s
  + mixed pure/impure chains behave correctly with selective flatMap optimization and pure fusion 0.000s
  + pure fusion: succeed().flatMap(pure) fuses at construction 0.000s
  + pure fusion: chained pure flatMaps fuse at construction 0.000s
  + eager evaluation: flatMap on Effect is not evaluated immediately 0.000s
  + pure fusion detection: non-pure continuation is inspected at construction and effect remains lazy 0.000s
  + flatMap optimization disabled: exception handling works correctly 0.000s
  + pure fusion detection: continuation body side effects may occur at construction; effects remain deferred 0.000s
  + construction-time optimizations preserve correctness for complex chains 0.000s
  + Functor Identity: eru.map(identity) == eru 0.000s
  + Functor Composition: eru.map(f).map(g) == eru.map(f.andThen(g)) 0.000s
  + Functor laws hold for failing effects 0.000s
  + Applicative Identity: pure(identity) <*> v = v 0.000s
net.ghoula.eru.EruConstructorOptimizationSpec:
  + Applicative Composition: demonstrates function composition through zip 0.000s
net.ghoula.eru.EruResourceSafetyExtensionsSpec:
  + ensureAll runs multiple finalizers in FILO order 0.000s
  + ensureAll runs finalizers even on failure 0.003s  + stack safety for deep flatMap chains 0.005s

  + autoCleanup calls cleanup function on success value 0.000s
  + autoCleanup calls cleanup even when subsequent operations fail 0.000s
  + autoClose works with AutoCloseable resources 0.000s
  + fromEither optimization creates direct Succeed/Fail 0.005s
  + enhanced flatMap chain composition preserves semantics 0.000s
  + map chain fusion with succeed values 0.000s
  + complex chain optimization preserves error handling 0.000s
  + mixed map and flatMap chains 0.000s
  + autoClose handles exceptions during close 0.001s
  + useScoped provides resource to use function and ensures cleanup 0.000s
  + optimizations preserve stack safety 0.000s
  + useScoped ensures cleanup even when use function fails 0.000s
  + pooled ensures resource is returned to pool 0.000s
  + validateResource succeeds when validation passes 0.000s
  + validateResource fails when validation fails 0.000s
  + fromEither with nested Either operations 0.000s
  + validateResource adds finalizer for successful validation 0.000s
  + complex resource safety scenario with multiple patterns 0.000s
  + nested resource patterns work correctly 0.000s
net.ghoula.eru.EruObserverSpec:
  + unsafeRunSyncWith emits ProgramStart and ProgramEnd Success 0.000s
  + debug emits Step event with label before execution 0.000s
  + typed failure emits ProgramEnd TypedFailure and throws EruException 0.000s
  + defect emits ProgramEnd Defect and rethrows Throwable 0.000s
  + ProgramEnd is emitted after finalizers are drained 0.000s
  + stack safety for deep map chains 0.005s
net.ghoula.eru.ForkAwaitSpec:
  + concurrent resource cleanup maintains FILO order under resource contention 0.004s
  + Eru.fork creates Fork case 0.001s
  + Eru.await creates Await case 0.000s  + resource safety with exception propagation in finalizers 0.001s

net.ghoula.eru.ResultSpec:
  + Fork is referentially transparent 0.000s
  + Await is referentially transparent 0.000s
  + Result.succeed creates a Success with the given value 0.000s
  + Fork constructs with proper types 0.000s
  + Await constructs with proper types 0.000s
  + Fork/Await composition is pure 0.000s
  + Result.fail creates a Failure with the given error 0.000s
  + resource acquisition and release with interleaved failures 0.000s
  + Multiple forks of same computation are independent 0.000s
  + map transforms Success values 0.000s
  + map preserves Failure values unchanged 0.000s
  + Fork preserves error type 0.000s
  + flatMap chains successful computations 0.000s
  + Await preserves error type from fiber 0.000s
  + flatMap chains and propagates first failure 0.000s
  + Fork can be mapped over 0.000s
  + flatMap chains and propagates second failure 0.000s
  + fold applies ifSuccess function to Success values 0.000s
  + fold applies ifFailure function to Failure values 0.000s
  + isSuccess returns true for Success 0.000s
  + isSuccess returns false for Failure 0.000s
  + isFailure returns true for Failure 0.000s
  + isFailure returns false for Success 0.000s
  + flatMap unifies error types correctly 0.000s
  + Await can be mapped over 0.000s
  + Fork/Await can handle error recovery 0.000s
  + Nested fork/await constructs properly 0.000s
  + Fork/await with attempt preserves structure 0.000s
  + Fork execution works in Phase 2 0.000s
  + Await execution works in Phase 2 0.000s
net.ghoula.eru.FiberContextSpec:
  + FiberState values are distinct 0.000s
  + FiberContext.root creates root context with no parent 0.000s
  + FiberContext.child creates child context with parent 0.000s
  + FiberContext.withState updates state 0.000s
  + FiberContext.withParent updates parent 0.000s
  + FiberContext.isChildOf returns true for correct parent 0.000s
  + FiberContext.isChildOf returns false for incorrect parent 0.000s
  + FiberContext.isChildOf returns false for root context 0.000s
  + flatMap unifies error types with failure 0.002s
  + complex chaining with map and flatMap 0.000s
  + complex chaining with early failure 0.000s
  + fold can return different types 0.000s
  + factory methods work with Unit type 0.000s
  + Result.fold transforms Success to output type 0.000s
  + Result.fold transforms Failure to output type 0.000s
  + Result.fold handles different input and output types 0.000s
  + Result.toEru converts Success to successful Eru 0.000s
  + Result.toEru converts Failure to failed Eru 0.001s
  + Result.toEru preserves error and success types 0.000s
  + Result.toExit converts Success to Exit.Success 0.000s
  + Result.toExit converts Throwable Failure to Exit.Die 0.000s
  + FiberContext.ageNanos returns positive age 0.003s
  + Result.toExit converts typed Failure to Exit.Failure 0.000s
  + Multiple root contexts have different IDs 0.000s
  + Multiple child contexts with same parent have different IDs 0.000s
  + FiberContext immutability - withState doesn't mutate original 0.000s
  + FiberContext immutability - withParent doesn't mutate original 0.000s
  + Result.toExit handles mixed error types correctly 0.000s
  + Result extension method toEru converts Success to successful Eru 0.000s
  + Result extension method toEru converts Failure to failed Eru 0.000s
  + Result extension method toExit converts Success to Exit.Success 0.000s
  + Result extension method toExit converts typed Failure to Exit.Failure 0.000s
  + Result extension method toExit converts Throwable Failure to Exit.Die 0.000s
net.ghoula.eru.EruFusionValidationSpec:net.ghoula.eru.UnifiedFiberSpec:
net.ghoula.eru.ExtremeStackSafetySpec:

  + pure fusion produces correct AST structure 0.000s  + UnifiedFiber.completed creates fiber with Completed state 0.000s

  + mixed pure/impure chains produce expected AST structure 0.000s
  + UnifiedFiber.active creates fiber with Active state 0.000s
  + UnifiedFiber.await on completed fiber returns immediately 0.000s
  + UnifiedFiber.interrupt on completed fiber is no-op 0.000s
  + UnifiedFiber.complete transitions active fiber to completed 0.000s
  + UnifiedFiber.setThread updates thread reference for active fiber 0.000s
  + UnifiedFiber.complete on already completed fiber is no-op 0.000s
  + UnifiedFiber.setThread on completed fiber is no-op 0.000s
  + UnifiedFiber handles Exit.Failure correctly 0.000s
  + UnifiedFiber handles Exit.Die correctly 0.000s
  + pure fusion gives same results as non-optimized 0.001s
  + UnifiedFiber handles Exit.Interrupt correctly 0.000s
  + UnifiedFiberState.Active stores coordination primitives correctly 0.000s
  + Multiple complete calls on active fiber - last one wins 0.000s
  + pure fusion handles exceptions correctly (single call) 0.000s
  + deeply nested pure chains maintain correctness 0.000s
  + pure fusion exception safety for throwing continuation 0.000s
net.ghoula.eru.internal.ExtensionsSpec:
  + Result extensions provide complete monadic interface 0.000s
  + Result extension conversions work correctly 0.000s
  + Eru resource safety extensions work correctly 0.000s
  + Eru autoCleanup extension manages resources correctly 0.000s
  + Eru autoClose extension handles AutoCloseable resources 0.000s
  + Eru useScoped extension provides scoped resource management 0.000s
  + Eru pooled extension returns resources to pool 0.000s
  + Eru validateResource extension validates resource lifecycle 0.000s
  + Eru error handling extensions work correctly 0.000s
  + Eru accumulateErrors extension accumulates multiple errors 0.000s
  + Eru validate extension validates with multiple validators 0.000s
  + Eru tracing extensions add observability 0.000s
  + Eru macro extensions provide compile-time analysis 0.000s
  + Eru failAfter extension provides timeout semantics 0.000s
  + Extensions maintain referential transparency 0.000s
  + Extensions handle edge cases correctly 0.000s
net.ghoula.eru.EruUtilityOperationsSpec:
  + when executes effect when condition is true 0.000s
  + when skips effect when condition is false 0.000s
  + unless skips effect when condition is true 0.000s
  + unless executes effect when condition is false 0.000s
  + cond returns first value when condition is true 0.000s
  + cond returns second value when condition is false 0.000s
  + conditional operations propagate errors 0.000s
  + iterate terminates when predicate is satisfied 0.000s
  + iterate executes multiple iterations 0.000s
  + iterate propagates errors 0.000s
  + repeatN executes effect exactly n times 0.000s
  + repeatN with zero repetitions does nothing 0.000s
  + repeatN propagates errors 0.001s
  + repeatUntil repeats until predicate is satisfied 0.000s
  + repeatUntil propagates errors 0.000s
  + tap executes side effect on success without changing result 0.000s
  + tap does not execute on failure 0.000s
  + tap propagates errors from side effect 0.000s
  + tapError executes side effect on failure without changing result 0.000s
  + tapError does not execute on success 0.000s
  + tapBoth executes appropriate side effect 0.000s
  + filter collects only values satisfying predicate 0.000s
  + filter with empty collection returns empty list 0.000s
  + filter propagates first failure 0.000s
  + partition splits collection based on effectful predicate 0.000s
  + partition with empty collection returns empty lists 0.000s
  + partition propagates errors from predicate 0.000s
  + Phase 2 operations compose correctly 0.000s
  + nested looping with conditional execution 0.000s
  + error handling across Phase 2 operations 0.000s
  + foreach handles extremely large collections without stack overflow 0.022s
net.ghoula.eru.DomainTypesSpec:net.ghoula.eru.ExitSpec:

  + Exit.Success holds the value 0.000s  + AttemptCount.apply accepts non-negative values 0.000s

  + Exit.Failure holds the error 0.000s
  + AttemptCount.apply rejects negative values 0.000s
  + AttemptCount.increment works correctly 0.000s
  + AttemptCount addition works correctly 0.000s
  + AttemptCount comparison operators work correctly 0.000s
  + JitterFactor.apply accepts values in [0.0, 1.0] 0.000s
  + JitterFactor.apply rejects values outside [0.0, 1.0] 0.001s
  + JitterFactor.apply rejects NaN 0.000s
  + FailureThreshold.apply accepts positive values 0.000s
  + FailureThreshold.apply rejects non-positive values 0.000s
  + FailureThreshold comparison works correctly 0.000s
  + AttemptCount handles large values correctly 0.000s
  + FailureThreshold handles maximum integer value 0.000s
  + Exit.Die holds the throwable 0.002s
  + Exit.Interrupt holds fiber id and cause 0.000s
  + FiberId.fresh generates unique identifiers 0.000s
  + FiberId.toLong returns underlying Long value 0.000s
  + InterruptCause.Cancelled with optional reason 0.000s
  + InterruptCause.Timeout with duration and optional operation 0.000s
  + InterruptCause.ParentTerminated with parent info 0.000s
  + InterruptCause.ResourceExhausted with resource and optional details 0.000s
  + InterruptCause.Custom with name, context, and metadata 0.000s
  + Complex InterruptCause pattern matching 0.000s
net.ghoula.eru.FiberSpec:
  + await returns Exit.Success for successful fiber 0.000s
  + await returns Exit.Failure with typed error 0.000s
  + interrupt records cause and returns unit 0.000s
  + fiber correctly handles different Exit types 0.000s
  + fiber interrupt with different causes 0.000s
  + fiber identity is preserved across operations 0.000s
  + fiber await preserves error type information 0.000s
  + multiple interrupt calls update the recorded cause 0.000s
  + fiber operations are referentially transparent 0.000s
  + fiber correctly handles complex error types 0.000s
net.ghoula.eru.CollectionOperationsSpec:
  + foreachDiscard executes function for each element and discards results 0.000s
  + foreachDiscard with empty collection succeeds immediately 0.000s
  + foreachDiscard propagates first failure 0.000s
  + foreach executes function for each element and collects results 0.000s
  + foreach with empty collection returns empty list 0.000s
  + foreach propagates first failure 0.000s
  + collectAll executes all effects and collects results 0.000s
  + collectAll with empty collection returns empty list 0.000s
  + collectAllDiscard executes all effects and discards results 0.000s
  + foldLeft reduces collection from left to right 0.000s
  + foldLeft with empty collection returns initial value 0.000s
  + foldLeft propagates failure 0.000s
  + foldRight reduces collection from right to left 0.000s
  + foldRight with empty collection returns initial value 0.000s
  + collection operations work with different collection types 0.000s
  + collection operations maintain order 0.000s
  + nested collection operations work correctly 0.000s
net.ghoula.eru.patterns.ErrorHandlingSpec:
  + RetryPolicy.conditional retries on matching errors 0.000s
  + RetryPolicy.conditional calculates exponential backoff 0.000s
  + RetryPolicy.jitteredExponential adds jitter 0.000s
  + RetryPolicy.timeBasedCircuitBreaker respects time limits 0.000s
  + RetryContext tracks errors and elapsed time 0.000s
  + CircuitBreaker starts in Closed state 0.000s
  + CircuitBreaker opens after threshold failures 0.000s
  + CircuitBreaker fast-fails when open 0.000s
  + CircuitBreaker resets on success in closed state 0.000s
  + ErrorAccumulator accumulates errors 0.000s
  + ErrorAccumulator combines with other accumulators 0.000s
  + withCircuitBreaker extension method works 0.000s
  + accumulateErrors extension method combines successes 0.000s
  + accumulateErrors extension method accumulates single error 0.003s
  + accumulateErrors extension method accumulates multiple errors 0.000s
  + validate extension method passes all validations 0.000s
  + validate extension method accumulates validation failures 0.000s
  + fallback extension method provides fallback values 0.000s
  + fallback extension method preserves unhandled errors 0.000s
  + contextualizeError extension method adds context to errors 0.000s
  + failAfter extension method placeholder works 0.000s
  + error handling extensions compose with other extensions 0.000s
[info] Passed: Total 566, Failed 0, Errors 0, Passed 566
  + foreachDiscard handles extremely large collections without stack overflow 0.145s
  + collectAll handles extremely large effect collections without stack overflow 0.021s
  + traverse handles extremely large collections without stack overflow 0.008s
  + sequence handles extremely large effect collections without stack overflow 0.008s
  + nested collection operations maintain stack safety 0.005s
  + mixed pattern with collectAll and traverse at extreme scale 0.017s
  + error propagation works correctly at extreme scale 0.003s
  + extremely deep chaining with collection methods 0.000s
[info] Passed: Total 566, Failed 0, Errors 0, Passed 566
[32mnet.ghoula.eru.fiber.FiberPropertySpec:[0m
[32m  + [0m[32mfork/await is referentially transparent[0m [90m0.068s[0m
[32m  + [0m[32mfork preserves referential transparency for pure values[0m [90m0.002s[0m
[32m  + [0m[32mfork preserves referential transparency for failures[0m [90m0.003s[0m
[32m  + [0m[32mfork/await preserves monad left identity law[0m [90m0.002s[0m
[32m  + [0m[32mfork/await preserves monad right identity law[0m [90m0.003s[0m
[32m  + [0m[32mfork/await preserves monad associativity law[0m [90m0.01s[0m
[32m  + [0m[32mfork is deterministic for pure computations[0m [90m0.016s[0m
[32m  + [0m[32mfork preserves error types accurately[0m [90m0.003s[0m
[32m  + [0m[32mfork/await composition is associative[0m [90m0.004s[0m
[32m  + [0m[32mfork does not affect external side effects ordering within a computation[0m [90m0.025s[0m
[32m  + [0m[32mmultiple fork/await operations maintain independence[0m [90m0.012s[0m
[32m  + [0m[32mfiber identity: await(fork(a)) ≈ a for pure computations[0m [90m0.006s[0m
[32m  + [0m[32mfork/await preserves computation structure for complex effects[0m [90m0.01s[0m
[32mnet.ghoula.eru.HubConcurrencySpec:[0m
[32m  + [0m[32mhub concurrent publishing maintains message delivery[0m [90m0.031s[0m
[32m  + [0m[32mhub multiple subscribers receive all messages independently[0m [90m0.009s[0m
[32mnet.ghoula.eru.CoordinationConcurrencySpec:[0m
[32m  + [0m[32mcountdown latch coordinates multiple waiters[0m [90m0.012s[0m
[32m  + [0m[32mcyclic barrier basic creation and properties[0m [90m0.004s[0m
[32m  + [0m[32mcountdown latch with simple countdown completion[0m [90m0.004s[0m
[32mnet.ghoula.eru.HubSpec:[0m
[32m  + [0m[32mbounded hub creation succeeds[0m [90m0.002s[0m
[32m  + [0m[32mbounded hub capacity validation[0m [90m0.002s[0m
[32m  + [0m[32mbounded hub subscription creates queue[0m [90m0.001s[0m
[32m  + [0m[32mbounded hub publish to no subscribers drops message[0m [90m0.001s[0m
[32m  + [0m[32mbounded hub publish to single subscriber[0m [90m0.002s[0m
[32m  + [0m[32mbounded hub publish to multiple subscribers[0m [90m0.003s[0m
[32m  + [0m[32mbounded hub subscribers only receive messages after subscription[0m [90m0.002s[0m
[32m  + [0m[32munbounded hub creation succeeds[0m [90m0.002s[0m
[32m  + [0m[32munbounded hub subscription and publishing[0m [90m0.004s[0m
[32m  + [0m[32munbounded hub handles large volumes[0m [90m0.074s[0m
[32m  + [0m[32munbounded hub multiple subscribers[0m [90m0.001s[0m
[32m  + [0m[32mhub publish ordering is maintained[0m [90m0.003s[0m
[32m  + [0m[32mhub sequential publishing[0m [90m0.002s[0m
[32m  + [0m[32mhub constructors available via Eru companion[0m [90m0.001s[0m
[32m  + [0m[32mhub operations compose with other Eru effects[0m [90m0.001s[0m
[32mnet.ghoula.eru.fiber.FiberErrorPropagationSpec:[0m
[32m  + [0m[32mtyped error in child fiber is accessible via await[0m [90m0.001s[0m
[32m  + [0m[32mdefect (exception) in child fiber is captured in Die exit[0m [90m0.003s[0m
[32m  + [0m[32mparent can recover from child typed error using fromExit[0m [90m0.002s[0m
[32m  + [0m[32mparent can handle child defect using fromExit error handling[0m [90m0.001s[0m
[32m  + [0m[32mmultiple child fiber errors are handled independently[0m [90m0.003s[0m
[32m  + [0m[32mzipPar propagates first error encountered with left-bias preference[0m [90m0.001s[0m
[32muserland.PublicSurfaceSpec:[0m
[32muserland.ConcurrencySpec:[0m
[32muserland.ExternalSystemIntegrationSpec:[0m
[32muserland.ResourceSpec:[0m
[32muserland.StructuredConcurrencyLeakSpec:[0m
[32muserland.MathematicallyCorrectStructuredConcurrencyTest:[0m
[32mnet.ghoula.eru.MinimalTest:[0m
[32muserland.PerformanceCharacteristicsSpec:[0m
[32muserland.TimeoutRetrySpec:[0m
[32muserland.EndToEndSpec:[0m
[32muserland.ObservabilitySpec:[0m
[32muserland.FinalizerInterruptionMathematicalTest:[0m

━━━ TimeoutRetrySpec ━━━

━━━ FinalizerInterruptionMathematicalTest ━━━
  ▶ mathematical property: ensure finalizers execute during fiber interruption...
  ▶ timeoutTo either preserves value or yields fallback...
[32m  + [0m[32mcan import prelude[0m [90m0.028s[0m
[32m  + [0m[32mbracket ensures cleanup on failure and success[0m [90m0.028s[0m
[32m  + [0m[32mzipPar combines independent effects[0m [90m0.033s[0m
[32m  + [0m[32mobserver sees ProgramStart, Step, and ProgramEnd(Success)[0m [90m0.028s[0m
[32m  + [0m[32mobserver sees ProgramStart and ProgramEnd(TypedFailure)[0m [90m0.0s[0m
[32m  + [0m[32mzipPar demonstrates error-first completion behavior[0m [90m0.104s[0m
[32m  + [0m[32mprelude provides core constructors and combinators[0m [90m0.033s[0m
[32m  + [0m[32mensure always runs cleanup[0m [90m0.034s[0m
[32m  + [0m[32mrace returns first result[0m [90m0.035s[0m
[32m  + [0m[32mobserver sees ProgramStart and ProgramEnd(Defect) on Throwable[0m [90m0.031s[0m
[32m  + [0m[32mstack safety with deep flatMap chains[0m [90m0.059s[0m
[32m  + [0m[32mforkWithObserver emits FiberStarted and FiberCompleted with Exit.Success[0m [90m0.0s[0m
[32m  + [0m[32minternal names are not pulled in by the prelude import[0m [90m0.002s[0m
  ⚠  75ms
[32m  + [0m[32mtimeoutTo either preserves value or yields fallback[0m [90m0.077s[0m
  ▶ retryN re-executes typed failures until success...
[32m  + [0m[32mstack safety with deep map chains[0m [90m0.008s[0m
[32m  + [0m[32mparent-child lifetime binding - mathematical property[0m [90m0.073s[0m
  ⚠  77ms
[32m  + [0m[32mmathematical property: ensure finalizers execute during fiber interruption[0m [90m0.078s[0m
  ▶ mathematical property: ensure finalizers execute during sleep interruption...
  ⚡   2ms
[32m  + [0m[32mdatabase connection pool simulation with resource limits[0m [90m0.079s[0m
[32m  + [0m[32mretryN re-executes typed failures until success[0m [90m0.003s[0m
  ▶ timeoutTo either preserves value or yields fallback - TestClock version (determi...
[32m  + [0m[32mchild fiber should be deterministically interrupted when parent completes successfully[0m [90m0.08s[0m
[32m  + [0m[32mend-to-end composition across concurrency, state, retry, timeout, ensure, observer[0m [90m0.078s[0m
[32m  + [0m[32mweb service call with retry simulation[0m [90m0.003s[0m
[32m  + [0m[32mchild fiber should be terminated when parent fails[0m [90m0.003s[0m
[32m  + [0m[32mmessage queue producer-consumer simulation[0m [90m0.002s[0m
[32m  + [0m[32mDeferred coordinates fibers and Ref holds state[0m [90m0.016s[0m
[32m  + [0m[32mtransitive termination - mathematical property[0m [90m0.008s[0m
[32m  + [0m[32mraceAll returns fastest effect with correct index[0m [90m0.002s[0m
[32m  + [0m[32mraceAll handles single effect[0m [90m0.001s[0m
[32m  + [0m[32mfile system operations with resource cleanup[0m [90m0.003s[0m
[32m  + [0m[32mraceAll fails on empty list[0m [90m0.001s[0m
[32m  + [0m[32mmultiple child fibers should all be terminated when parent scope ends[0m [90m0.006s[0m
SLEEP FINALIZER EXECUTED[32m  + [0m[32mraceAll propagates winner's failure[0m [90m0.002s[0m

[32m  + [0m[32mraceAll returns winning effect properly[0m [90m0.0s[0m
  ✓  12ms
[32m  + [0m[32mmathematical property: ensure finalizers execute during sleep interruption[0m [90m0.014s[0m
  ▶ control test: ensure finalizers execute during normal completion...
[32m  + [0m[32mdeeply nested child fibers should be terminated when root parent ends[0m [90m0.002s[0m
  ⚡   0ms
[32m  + [0m[32mcontrol test: ensure finalizers execute during normal completion[0m [90m0.0s[0m
━━━━━━━━━━━━━━━━━━━━━━━━━━━━

[32m  + [0m[32mparSequence executes effects in parallel[0m [90m0.002s[0m
[32m  + [0m[32mmathematically sound: child fiber finalizers execute during structured cleanup[0m [90m0.002s[0m
[32m  + [0m[32mparTraverse processes inputs in parallel[0m [90m0.0s[0m
[32m  + [0m[32mexternal process execution[0m [90m0.008s[0m
[32m  + [0m[32mparSequence fails on first error without waiting for all effects[0m [90m0.104s[0m
[32m  + [0m[32merror in parent fiber does not affect already-forked children[0m [90m0.001s[0m
[32m  + [0m[32mnested error propagation through multiple fiber levels[0m [90m0.001s[0m
[32m  + [0m[32merror recovery at different fiber levels preserves recovery semantics[0m [90m0.002s[0m
[32m  + [0m[32mmixed success and error results in concurrent operations show deterministic error preference[0m [90m0.002s[0m
[32m  + [0m[32mfromExit correctly handles Exit cases except interruptions[0m [90m0.002s[0m
[32m  + [0m[32mfiber error isolation - errors in one fiber do not corrupt others[0m [90m0.002s[0m
[32m  + [0m[32mdeep fiber nesting preserves error propagation semantics[0m [90m0.002s[0m
[32mnet.ghoula.eru.ParallelSpec:[0m
[32m  + [0m[32mmemory efficiency with effect construction and disposal[0m [90m0.102s[0m
[32m  + [0m[32mexecution speed with parallel operations[0m [90m0.002s[0m
[32m  + [0m[32mresource cleanup efficiency with many finalizers[0m [90m0.007s[0m
[32m  + [0m[32merror handling efficiency with deep error chains[0m [90m0.003s[0m
[32m  + [0m[32mzipPar runs effects in parallel on JVM VT backend[0m [90m0.032s[0m
[32m  + [0m[32mzipPar propagates typed failure (left-biased on both-fail)[0m [90m0.012s[0m
[32m  + [0m[32mrace returns the faster winner and does not block on the loser[0m [90m0.009s[0m
[32mnet.ghoula.eru.PromiseConcurrencySpec:[0m
[32m  + [0m[32mpromise coordinates multiple waiters correctly[0m [90m0.008s[0m
[32m  + [0m[32mpromise producer-consumer coordination[0m [90m0.002s[0m
[32m  + [0m[32mpromise failure propagates to all waiters[0m [90m0.002s[0m
[32m  + [0m[32mpromise race condition handling - first completion wins[0m [90m0.005s[0m
[32mnet.ghoula.eru.ConcurrencyStressSpec:[0m
[32m  + [0m[32mbasic parallel fiber execution works correctly[0m [90m0.002s[0m
[32m  + [0m[32mnested zipPar operations work correctly[0m [90m0.0s[0m
[32m  + [0m[32msimple race operations work correctly[0m [90m0.0s[0m
[32m  + [0m[32merror propagation in parallel operations[0m [90m0.001s[0m
[32m  + [0m[32mfiber creation and completion with fork/await[0m [90m0.001s[0m
[32m  + [0m[32mresource cleanup with ensure in parallel[0m [90m0.005s[0m
[32m  + [0m[32mmixed success and failure in parallel operations[0m [90m0.001s[0m
[32m  + [0m[32mcollectAll with small number of effects[0m [90m0.0s[0m
[32m  + [0m[32mzipPar preserves both values correctly[0m [90m0.001s[0m
[32m  + [0m[32mbasic fiber interrupt works correctly[0m [90m0.0s[0m
[32mnet.ghoula.eru.RuntimeExtensionsSpec:[0m
[32m  + [0m[32mfork extension creates concurrent fiber[0m [90m0.001s[0m
[32m  + [0m[32mforkWithObserver extension captures fiber events[0m [90m0.003s[0m
[32m  + [0m[32mzipPar extension runs effects concurrently[0m [90m0.029s[0m
[32m  + [0m[32mzipPar extension propagates failures[0m [90m0.001s[0m
[32m  + [0m[32mrace extension returns first completing effect[0m [90m0.007s[0m
[32m  + [0m[32mrace extension propagates winner's failure[0m [90m0.002s[0m
[32m  + [0m[32mtimeout extension fails on slow computation[0m [90m0.013s[0m
[32m  + [0m[32mtimeout extension succeeds on fast computation[0m [90m0.001s[0m
[32m  + [0m[32mtimeoutTo extension provides fallback on timeout[0m [90m0.012s[0m
[32m  + [0m[32mtimeoutTo extension returns original on fast completion[0m [90m0.001s[0m
[32m  + [0m[32mretry extension retries on failure[0m [90m0.003s[0m
[32m  + [0m[32mretryN extension retries specified number of times[0m [90m0.002s[0m
[32m  + [0m[32mretryWithBackoff extension uses exponential backoff[0m [90m0.003s[0m
[32m  + [0m[32mrunExit extension returns Exit instead of throwing[0m [90m0.001s[0m
[32m  + [0m[32mrunWith extension integrates with observer[0m [90m0.003s[0m
[32m  + [0m[32mEru.ref extension creates Ref[0m [90m0.001s[0m
[32m  + [0m[32mEru.deferred extension creates Deferred[0m [90m0.006s[0m
[32m  + [0m[32mEru.semaphore extension creates Semaphore[0m [90m0.005s[0m
[32m  + [0m[32mEru.queue extension creates bounded Queue[0m [90m0.001s[0m
[32m  + [0m[32mEru.unboundedQueue extension creates unbounded Queue[0m [90m0.002s[0m
[32m  + [0m[32mEru.hub extension creates bounded Hub[0m [90m0.0s[0m
[32m  + [0m[32mEru.unboundedHub extension creates unbounded Hub[0m [90m0.001s[0m
[32m  + [0m[32mEru.promise extension creates Promise[0m [90m0.001s[0m
[32m  + [0m[32mEru.countDownLatch extension creates CountDownLatch[0m [90m0.001s[0m
[32m  + [0m[32mEru.cyclicBarrier extension creates CyclicBarrier[0m [90m0.004s[0m
[32m  + [0m[32msleep function pauses execution[0m [90m0.026s[0m
[32m  + [0m[32mparSequence function executes effects concurrently[0m [90m0.023s[0m
[32m  + [0m[32mparTraverse function processes inputs concurrently[0m [90m0.022s[0m
[32m  + [0m[32mraceAll function returns first completing effect with index[0m [90m0.008s[0m
[32m  + [0m[32mforeachParN function limits concurrency[0m [90m0.028s[0m
[32m  + [0m[32mforeachParNDiscard function discards results[0m [90m0.005s[0m
[32m  + [0m[32mvalidatePar function accumulates all errors[0m [90m0.003s[0m
[32m  + [0m[32mvalidatePar function returns successes when all valid[0m [90m0.001s[0m
[32m  + [0m[32mvalidateFirst function returns first error encountered[0m [90m0.0s[0m
[32m  + [0m[32mvalidateFirst function returns all successes when valid[0m [90m0.0s[0m
[32m  + [0m[32mextensions work with typed error handling[0m [90m0.001s[0m
[32mnet.ghoula.eru.PreludeSpec:[0m
[32m  + [0m[32mprelude exports core effect types[0m [90m0.001s[0m
[32m  + [0m[32mprelude exports Result and Exit types[0m [90m0.003s[0m
[32m  + [0m[32mprelude exports EruObserver and events[0m [90m0.01s[0m
[32m  + [0m[32mprelude exports EruRuntime and provides default instance[0m [90m0.004s[0m
[32m  + [0m[32mprelude exports concurrent coordination types[0m [90m0.0s[0m
[32m  + [0m[32mprelude exports RuntimeExtensions for concurrent operations[0m [90m0.002s[0m
[32m  + [0m[32mprelude supports timeout operations[0m [90m0.0s[0m
[32m  + [0m[32mprelude provides fork and fiber operations[0m [90m0.0s[0m
[32m  + [0m[32mprelude supports resource management extensions[0m [90m0.002s[0m
[32m  + [0m[32mprelude supports error handling extensions[0m [90m0.001s[0m
[32m  + [0m[32mprelude supports Result extensions[0m [90m0.002s[0m
[32m  + [0m[32mprelude supports debugging and tracing[0m [90m0.006s[0m
[32m  + [0m[32mprelude example code from documentation works[0m [90m0.002s[0m
[32m  + [0m[32mprelude observer integration works as documented[0m [90m0.001s[0m
[32m  + [0m[32mprelude exit handling works as documented[0m [90m0.0s[0m
[32m  + [0m[32mprelude type aliases maintain variance[0m [90m0.001s[0m
[32m  + [0m[32mprelude imports work without conflicts[0m [90m0.001s[0m
[32mnet.ghoula.eru.fiber.FiberInterruptionSpec:[0m
[32m  + [0m[32mfiber interrupt with Cancelled cause is handled gracefully[0m [90m0.007s[0m
[32m  + [0m[32mfiber interrupt with Timeout cause includes duration information[0m [90m0.001s[0m
[32m  + [0m[32mfiber interrupt with ParentTerminated cause includes parent context[0m [90m0.001s[0m
[32m  + [0m[32mfiber interrupt with ResourceExhausted cause includes resource details[0m [90m0.001s[0m
[32m  + [0m[32mfiber interrupt with Custom cause includes application-specific metadata[0m [90m0.001s[0m
[32m  + [0m[32mmultiple interrupt calls on same fiber are idempotent[0m [90m0.001s[0m
[32m  + [0m[32minterrupt on already completed fiber has no effect[0m [90m0.005s[0m
[32m  + [0m[32minterrupt cause preserves all provided information[0m [90m0.001s[0m
[32m  + [0m[32mdefault interrupt method uses Cancelled cause[0m [90m0.001s[0m
[32m  + [0m[32minterruption with nested fiber scenarios[0m [90m0.003s[0m
[32mnet.ghoula.eru.fiber.FiberFinalizerIntegrationSpec:[0m
[32m  + [0m[32msingle fiber finalizer executes in FILO order[0m [90m0.003s[0m
[32m  + [0m[32mfinalizers execute on failure[0m [90m0.002s[0m
[32m  + [0m[32mfinalizers execute on death[0m [90m0.002s[0m
[32m  + [0m[32mnested finalizers maintain FILO order[0m [90m0.002s[0m
[32m  + [0m[32mfinalizer exceptions do not prevent other finalizers[0m [90m0.003s[0m
[32m  + [0m[32mbasic fork/await preserves FILO in each fiber[0m [90m0.004s[0m
[32m  + [0m[32msimple zipPar preserves FILO in each side[0m [90m0.002s[0m
[32m  + [0m[32mbracket finalizers execute in correct order[0m [90m0.003s[0m
[32m  + [0m[32mbracket finalizers execute on failure[0m [90m0.002s[0m
[32m  + [0m[32mmultiple levels of ensure maintain strict FILO[0m [90m0.002s[0m
[32mnet.ghoula.eru.ParallelDegreeLimitedSpec:[0m
[32m  + [0m[32mforeachParN processes all items with results[0m [90m0.001s[0m
[32m  + [0m[32mforeachParN with empty collection returns empty list[0m [90m0.0s[0m
[32m  + [0m[32mforeachParN with degree 1 processes sequentially[0m [90m0.002s[0m
[32m  + [0m[32mforeachParN limits concurrent execution[0m [90m0.003s[0m
[32m  + [0m[32mforeachParN propagates first failure[0m [90m0.001s[0m
[32m  + [0m[32mforeachParN requires positive degree[0m [90m0.001s[0m
[32m  + [0m[32mforeachParNDiscard processes all items without results[0m [90m0.003s[0m
[32m  + [0m[32mforeachParNDiscard with empty collection succeeds immediately[0m [90m0.001s[0m
[32m  + [0m[32mforeachParNDiscard limits concurrent execution[0m [90m0.003s[0m
[32m  + [0m[32mforeachParNDiscard propagates failures[0m [90m0.001s[0m
[32mnet.ghoula.eru.ValidationPatternsSpec:[0m
[32m  + [0m[32mvalidatePar accumulates all errors when all effects fail[0m [90m0.001s[0m
[32m  + [0m[32mvalidatePar returns all successes when all effects succeed[0m [90m0.0s[0m
[32m  + [0m[32mvalidatePar accumulates errors and ignores successes[0m [90m0.001s[0m
[32m  + [0m[32mvalidatePar with empty list returns empty success[0m [90m0.0s[0m
[32m  + [0m[32mvalidatePar executes effects in parallel[0m [90m0.001s[0m
[32m  + [0m[32mvalidateFirst returns first error when effects fail[0m [90m0.001s[0m
[32m  + [0m[32mvalidateFirst returns all successes when all effects succeed[0m [90m0.0s[0m
[32m  + [0m[32mvalidateFirst with empty list returns empty success[0m [90m0.001s[0m
[32m  + [0m[32mvalidatePar propagates defects (Throwables) immediately[0m [90m0.001s[0m
[32m  + [0m[32mvalidateFirst handles defects (Throwables) in Either result[0m [90m0.0s[0m
[32m  + [0m[32mvalidatePar maintains result order even with parallel execution[0m [90m0.0s[0m
[32m  + [0m[32mvalidatePar handles mixed success and failure scenarios[0m [90m0.001s[0m
[32mnet.ghoula.eru.RuntimeBackendSpec:[0m
[32m  + [0m[32mPlatform.isJVM detects execution environment correctly[0m [90m0.002s[0m
[32m  + [0m[32mPlatform.backend matches isJVM detection[0m [90m0.0s[0m
[32m  + [0m[32mSynchronous backend fork executes immediately[0m [90m0.001s[0m
[32m  + [0m[32mSynchronous backend fork handles failures[0m [90m0.001s[0m
[32m  + [0m[32mSynchronous backend fork handles exceptions[0m [90m0.0s[0m
[32m  + [0m[32mSynchronous backend fork notifies observer[0m [90m0.001s[0m
[32m  + [0m[32mSynchronous backend tracks root fibers[0m [90m0.0s[0m
[32m  + [0m[32mVirtualThreads backend fork executes concurrently[0m [90m0.001s[0m
[32m  + [0m[32mVirtualThreads backend fork handles immediate success optimization[0m [90m0.0s[0m
[32m  + [0m[32mVirtualThreads backend fork handles immediate failure optimization[0m [90m0.0s[0m
[32m  + [0m[32mVirtualThreads backend fork optimizes map chains[0m [90m0.0s[0m
[32m  + [0m[32mVirtualThreads backend fork handles complex computations[0m [90m0.001s[0m
[32m  + [0m[32mVirtualThreads backend tracks child fibers in structured concurrency[0m [90m0.014s[0m
[32m  + [0m[32mSynchronous backend race always returns left result[0m [90m0.003s[0m
[32m  + [0m[32mSynchronous backend race propagates left failure[0m [90m0.001s[0m
[32m  + [0m[32mVirtualThreads backend race returns first completing result[0m [90m0.012s[0m
[32m  + [0m[32mVirtualThreads backend race handles failure from winner[0m [90m0.013s[0m
[32m  + [0m[32mVirtualThreads backend race handles typed failures[0m [90m0.001s[0m
[32m  + [0m[32mVirtualThreads backend race cancels losing computation[0m [90m0.052s[0m
[32m  + [0m[32mSynchronous backend sleep blocks for duration[0m [90m0.026s[0m
[32m  + [0m[32mVirtualThreads backend sleep is interruptible[0m [90m0.101s[0m
[32m  + [0m[32mbackend sleep with zero duration completes immediately[0m [90m0.001s[0m
[32m  + [0m[32mbackend timeout fails when computation is too slow[0m [90m0.112s[0m
[32m  + [0m[32mbackend timeout succeeds when computation completes in time[0m [90m0.002s[0m
[32m  + [0m[32mbackend timeout propagates computation failure[0m [90m0.001s[0m
[32m  + [0m[32mbackend cleanup handles root fibers gracefully[0m [90m0.0s[0m
[32m  + [0m[32mbackend fork with observer handles all lifecycle events[0m [90m0.001s[0m
[32m  + [0m[32mbackend handles nested structured concurrency[0m [90m0.001s[0m
[32m  + [0m[32mbackend fork error handling preserves stack traces[0m [90m0.001s[0m
[32m  + [0m[32mPlatform object provides stable singleton behavior[0m [90m0.0s[0m
[32m  + [0m[32mbackend enum exhaustiveness[0m [90m0.0s[0m
[32mnet.ghoula.eru.TimersSpec:[0m
[32m  + [0m[32msleep operations complete successfully[0m [90m0.002s[0m
[32m  + [0m[32msleep with zero duration completes immediately[0m [90m0.0s[0m
[32m  + [0m[32mtimeout preserves success when operation completes quickly[0m [90m0.0s[0m
[32m  + [0m[32mtimeout with immediate success bypasses timing[0m [90m0.0s[0m
[32m  + [0m[32mtimeout propagates failures correctly[0m [90m0.001s[0m
[32m  + [0m[32msleep integrates with ensure finalizers[0m [90m0.002s[0m
[32m  + [0m[32mtimeout integrates with ensure finalizers on success[0m [90m0.001s[0m
[32m  + [0m[32mmultiple sleep operations can run in parallel[0m [90m0.004s[0m
[32m  + [0m[32mnested timeout operations work correctly[0m [90m0.001s[0m
[32mnet.ghoula.eru.QueueAsyncSpec:[0m
[32m  + [0m[32mtaking from empty bounded queue suspends until offer[0m [90m0.001s[0m
[32m  + [0m[32mtaking from empty unbounded queue suspends until offer[0m [90m0.001s[0m
[32m  + [0m[32mmultiple consumers wait for elements[0m [90m0.001s[0m
[32m  + [0m[32mbounded queue blocks offers when at capacity[0m [90m0.001s[0m
[32m  + [0m[32mconcurrent producers and consumers with backpressure[0m [90m0.0s[0m
[32mnet.ghoula.eru.SuspensionSystemSpec:[0m
[32m  + [0m[32mQueue operations follow suspension semantics correctly[0m [90m0.002s[0m
[32m  + [0m[32mPromise operations follow suspension semantics[0m [90m0.001s[0m
[32m  + [0m[32mSemaphore operations follow suspension semantics[0m [90m0.012s[0m
[32m  + [0m[32mCountDownLatch operations follow suspension semantics[0m [90m0.0s[0m
[32m  + [0m[32mCyclicBarrier operations follow suspension semantics[0m [90m0.012s[0m
[32m  + [0m[32mDeferred operations follow suspension semantics[0m [90m0.001s[0m
[32m  + [0m[32mHub operations follow suspension semantics[0m [90m0.002s[0m
[32m  + [0m[32mTimeout converts Suspending to Immediate[0m [90m0.054s[0m
[32m  + [0m[32mRace operations handle suspension correctly[0m [90m0.0s[0m
[32m  + [0m[32mProducer-consumer pattern with suspension types[0m [90m0.001s[0m
[32m  + [0m[32mComplex coordination with multiple primitives[0m [90m0.002s[0m
[32m  + [0m[32mSuspension types prevent common deadlock patterns at compile time[0m [90m0.0s[0m
[32mnet.ghoula.eru.PromiseSpec:[0m
[32m  + [0m[32mpromise creation succeeds[0m [90m0.0s[0m
[32m  + [0m[32mpromise succeed completes with success value[0m [90m0.001s[0m
[32m  + [0m[32mpromise fail completes with failure value[0m [90m0.0s[0m
[32m  + [0m[32mpromise complete with effect result succeeds[0m [90m0.001s[0m
[32m  + [0m[32mpromise complete with effect failure fails[0m [90m0.0s[0m
[32m  + [0m[32mpromise can only be completed once - succeed first[0m [90m0.0s[0m
[32m  + [0m[32mpromise can only be completed once - fail first[0m [90m0.001s[0m
[32m  + [0m[32mpromise poll returns None when pending[0m [90m0.0s[0m
[32m  + [0m[32mpromise poll returns Some(Success) when completed with success[0m [90m0.0s[0m
[32m  + [0m[32mpromise poll returns Some(Failure) when completed with failure[0m [90m0.0s[0m
[32m  + [0m[32mpromise await returns immediately when already completed with success[0m [90m0.0s[0m
[32m  + [0m[32mpromise await returns immediately when already completed with failure[0m [90m0.0s[0m
[32m  + [0m[32mpromise constructor is available via Eru companion[0m [90m0.0s[0m
[32m  + [0m[32mpromise operations compose with other Eru effects[0m [90m0.001s[0m
[32m  + [0m[32mpromise handles concurrent completion attempts[0m [90m0.006s[0m
[32m  + [0m[32mpromise handles mixed completion types in race conditions[0m [90m0.002s[0m
[32m  + [0m[32mpromise await blocks until completion[0m [90m0.011s[0m
[32m  + [0m[32mpromise resource cleanup on completion[0m [90m0.001s[0m
[32m  + [0m[32mpromise type variance behavior[0m [90m0.0s[0m
[32m  + [0m[32mpromise integration with for-comprehension[0m [90m0.002s[0m
[32m  + [0m[32mpromise handles exceptions in complete effect[0m [90m0.001s[0m
[32m  + [0m[32mpromise concurrent access to poll[0m [90m0.002s[0m
[32m  + [0m[32mpromise error handling maintains type safety[0m [90m0.0s[0m
[32m  + [0m[32mpromise stack safety for large callback chains[0m [90m0.004s[0m
[32m  + [0m[32mpromise complete with complex effect chains[0m [90m0.0s[0m
[32m  + [0m[32mpromise maintains isolation between instances[0m [90m0.001s[0m
[32m  + [0m[32mpromise handles completion during await[0m [90m0.011s[0m
[32mnet.ghoula.eru.fiber.FiberExecutionSpec:[0m
[32m  + [0m[32mfork without await prevents finalizer leaks via auto-join[0m [90m0.002s[0m
[32m  + [0m[32mmultiple await operations work (allows double-await for now)[0m [90m0.001s[0m
[32m  + [0m[32mfiber lifecycle events are emitted[0m [90m0.001s[0m
[32m  + [0m[32mnested fork finalizer ordering[0m [90m0.0s[0m
[32m  + [0m[32mauto-join works with multiple unawaited fibers[0m [90m0.002s[0m
[32m  + [0m[32mfiber error handling with eager evaluation[0m [90m0.0s[0m
[32m  + [0m[32mfiber finalizers execute even on error[0m [90m0.001s[0m
[32m  + [0m[32mbasic fiber await functionality[0m [90m0.0s[0m
[32mnet.ghoula.eru.CyclicBarrierSpec:[0m
[32m  + [0m[32mcyclic barrier creation succeeds[0m [90m0.0s[0m
[32m  + [0m[32mcyclic barrier creation fails with non-positive parties[0m [90m0.001s[0m
[32m  + [0m[32mcyclic barrier with single party returns immediately[0m [90m0.0s[0m
[32m  + [0m[32mcyclic barrier properties are consistent[0m [90m0.0s[0m
[32m  + [0m[32mcyclic barrier constructor is available via Eru companion[0m [90m0.0s[0m
[32m  + [0m[32mcyclic barrier operations compose with other Eru effects[0m [90m0.001s[0m
[32m  + [0m[32mcyclic barrier state remains consistent[0m [90m0.001s[0m
[32m  + [0m[32mcyclic barrier multiple single-party uses[0m [90m0.0s[0m
[32m  + [0m[32mcyclic barrier batch operations with single party[0m [90m0.001s[0m
[32mnet.ghoula.eru.DeferredSpec:[0m
[32m  + [0m[32mawait blocks until completion and returns the value[0m [90m0.013s[0m
[32m  + [0m[32mawait returns immediately if already completed[0m [90m0.0s[0m
[32m  + [0m[32mcomplete is idempotent and returns false on second call[0m [90m0.001s[0m
[32m  + [0m[32mmultiple fibers can await the same deferred[0m [90m0.0s[0m
[info] Linking (multithreadingEnabled=true, disable if not used) (2193 ms)
[info] Discovered 4179 classes and 23448 methods after classloading
[info] Loaded 0 service provider(s) for 1 referenced service(s):
[info] |-----------------------------------------------------------------------------------------------------|
[info] | Service                                 | Service Provider                              | Status    |
[info] |-----------------------------------------------------------------------------------------------------|
[info] | net.ghoula.eru.internal.BackendProvider | net.ghoula.eru.internal.NativeBackendProvider | Available |
[info] |-----------------------------------------------------------------------------------------------------|
[error] Found 2 unreachable symbols!
[error] Unknown type java.lang.reflect.Method, referenced from:
[error]     constructor net.ghoula.eru.Platform$() at RuntimeBackend.scala:408
[error]  private method net.ghoula.eru.RuntimeBackendSpec.$init$$$anonfun$30(): java.lang.Object at RuntimeBackendSpec.scala:460
[error]          method net.ghoula.eru.RuntimeBackendSpec$$Lambda$30.apply(): java.lang.Object at RuntimeBackendSpec.scala:467
[error]     constructor net.ghoula.eru.RuntimeBackendSpec() at RuntimeBackendSpec.scala:467
[error]          method net.ghoula.eru.RuntimeBackendSpec$scalanative$ReflectivelyInstantiate$.apply(java.lang.Object): java.lang.Object at RuntimeBackendSpec.scala:15
[error] static constructor net.ghoula.eru.RuntimeBackendSpec at RuntimeBackendSpec.scala:15
[error] 
[error] Unknown method java.lang.Class.getDeclaredMethod(java.lang.String, java.lang.Class[]): java.lang.reflect.Method, referenced from:
[error]     constructor net.ghoula.eru.Platform$() at RuntimeBackend.scala:408
[error]  private method net.ghoula.eru.RuntimeBackendSpec.$init$$$anonfun$30(): java.lang.Object at RuntimeBackendSpec.scala:460
[error]          method net.ghoula.eru.RuntimeBackendSpec$$Lambda$30.apply(): java.lang.Object at RuntimeBackendSpec.scala:467
[error]     constructor net.ghoula.eru.RuntimeBackendSpec() at RuntimeBackendSpec.scala:467
[error]          method net.ghoula.eru.RuntimeBackendSpec$scalanative$ReflectivelyInstantiate$.apply(java.lang.Object): java.lang.Object at RuntimeBackendSpec.scala:15
[error] static constructor net.ghoula.eru.RuntimeBackendSpec at RuntimeBackendSpec.scala:15
[error] 
[error] Found usage of 1 unsupported features!
[error] Detected usage of unsupported feature VirtualThreads - VirtualThreads are not supported yet on this platform
[error] Feature referenced from:
[error]          method java.lang.VirtualThread.run(): scala.runtime.BoxedUnit at VirtualThread.scala:12
[error]          method java.lang.Thread$.startVirtualThread(java.lang.Runnable): java.lang.Thread at Thread.scala:622
[error]   static method java.lang.Thread.startVirtualThread(java.lang.Runnable): java.lang.Thread at Thread.scala:621
[error] static private method net.ghoula.eru.RuntimeBackend.fork$$anonfun$11(scala.Option, scala.Option, net.ghoula.eru.Eru): net.ghoula.eru.Fiber at RuntimeBackend.scala:234
[error]          method net.ghoula.eru.RuntimeBackend$$Lambda$11.apply(): java.lang.Object at RuntimeBackend.scala:251
[error]          method net.ghoula.eru.RuntimeBackend.fork(net.ghoula.eru.Eru, scala.Option, scala.Option): net.ghoula.eru.Eru at RuntimeBackend.scala:251
[error]  private method net.ghoula.eru.RuntimeBackendSpec.$init$$$anonfun$29$$anonfun$1(net.ghoula.eru.RuntimeBackend): scala.runtime.BoxedUnit at RuntimeBackendSpec.scala:447
[error]          method net.ghoula.eru.RuntimeBackendSpec$$Lambda$107.applyVoid(java.lang.Object): scala.runtime.BoxedUnit at RuntimeBackendSpec.scala:442
[error]  private method net.ghoula.eru.RuntimeBackendSpec.$init$$$anonfun$29(): java.lang.Object at RuntimeBackendSpec.scala:442
[error]          method net.ghoula.eru.RuntimeBackendSpec$$Lambda$29.apply(): java.lang.Object at RuntimeBackendSpec.scala:457
[error]     constructor net.ghoula.eru.RuntimeBackendSpec() at RuntimeBackendSpec.scala:457
[error]          method net.ghoula.eru.RuntimeBackendSpec$scalanative$ReflectivelyInstantiate$.apply(java.lang.Object): java.lang.Object at RuntimeBackendSpec.scala:15
[error] static constructor net.ghoula.eru.RuntimeBackendSpec at RuntimeBackendSpec.scala:15
[error] 
[info] Total (2362 ms)
TestClock timeout test: deterministic behavior, no timing races
TestClock end-to-end: instant execution vs original with sleep(10ms) + retryWithBackoff
  ⚠ 2120ms
[32m  + [0m[32mend-to-end composition - TestClock version (deterministic timing for retry/timeout logic)[0m [90m2.117s[0m
[32m  + [0m[32mtimeoutTo either preserves value or yields fallback - TestClock version (deterministic)[0m [90m2.12s[0m
━━━━━━━━━━━━━━━━━━━━━━━━━━━━

[info] Passed: Total 45, Failed 0, Errors 0, Passed 45
TestClock Deferred: deterministic fiber coordination without 10ms wall-clock delay
[32m  + [0m[32mawait blocks until completion and returns the value - TestClock version (deterministic fiber coordination)[0m [90m3.56s[0m
[32mnet.ghoula.eru.RetryPolicyPropertySpec:[0m
[32m  + [0m[32mPolicy.Recurs(n) bounds attempts and succeeds if successIndex <= n + 1[0m [90m0.027s[0m
[32m  + [0m[32mPolicy.Exponential(base, max) bounds attempts deterministically (base ZERO to avoid delay)[0m [90m0.008s[0m
[32m  + [0m[32mDefects (Throwable) are not retried[0m [90m0.002s[0m
[32mnet.ghoula.eru.VTForkSpec:[0m
[32m  + [0m[32mfork runs effect on a virtual thread (JVM VT backend)[0m [90m0.001s[0m
[32m  + [0m[32mforkWithObserver emits FiberStarted then FiberCompleted with same id[0m [90m0.001s[0m
[32mnet.ghoula.eru.PlatformBackendSpec:[0m
[32m  + [0m[32mPlatformBackend.backend provides singleton access[0m [90m0.001s[0m
[32m  + [0m[32mPlatformBackend.createFreshBackend creates new instances[0m [90m0.001s[0m
[32m  + [0m[32mPlatformBackend fresh backend is functional[0m [90m0.0s[0m
[32m  + [0m[32mPlatformBackend singleton backend is functional[0m [90m0.0s[0m
[32m  + [0m[32mPlatformBackend handles concurrent access to singleton[0m [90m0.002s[0m
[32m  + [0m[32mPlatformBackend handles concurrent fresh backend creation[0m [90m0.001s[0m
[32m  + [0m[32mPlatformBackend backend supports fork operations[0m [90m0.001s[0m
[32m  + [0m[32mPlatformBackend backend supports error handling[0m [90m0.001s[0m
[32m  + [0m[32mPlatformBackend backend supports observer integration[0m [90m0.0s[0m
[32m  + [0m[32mPlatformBackend backend handles complex computations[0m [90m0.001s[0m
[32m  + [0m[32mPlatformBackend backend type consistency[0m [90m0.0s[0m
[32m  + [0m[32mPlatformBackend backend supports resource cleanup[0m [90m0.001s[0m
[32m  + [0m[32mPlatformBackend isolation between fresh backends[0m [90m0.001s[0m
[32mnet.ghoula.eru.RuntimeHealthCheck:[0m
[32m  + [0m[32mruntime can handle coordination primitives under load without hanging[0m [90m0.002s[0m
[32m  + [0m[32mruntime handles hundreds of concurrent fibers without resource exhaustion[0m [90m0.002s[0m
[32m  + [0m[32mruntime maintains correctness under mixed success/failure scenarios[0m [90m0.002s[0m
[32mnet.ghoula.eru.SuspendSpec:[0m
[32m  + [0m[32msuspend with synchronous callback invocation succeeds immediately[0m [90m0.0s[0m
[32m  + [0m[32msuspend with synchronous error callback propagates failure correctly[0m [90m0.001s[0m
[32m  + [0m[32msuspend with CompletableFuture integration handles async completion[0m [90m0.0s[0m
[32m  + [0m[32msuspend with CompletableFuture exception handling propagates errors[0m [90m0.001s[0m
[32m  + [0m[32msuspend with Scala Future integration handles successful completion[0m [90m0.0s[0m
[32m  + [0m[32msuspend with Scala Future failure propagates exceptions correctly[0m [90m0.001s[0m
[32m  + [0m[32msuspend prevents multiple callback invocations (idempotency)[0m [90m0.0s[0m
[32m  + [0m[32msuspend handles registration failure correctly[0m [90m0.0s[0m
[32m  + [0m[32msuspend with finalizers executes cleanup on success[0m [90m0.001s[0m
[32m  + [0m[32msuspend with finalizers executes cleanup on failure[0m [90m0.0s[0m
[32m  + [0m[32msuspend with nested finalizers maintains FILO execution order[0m [90m0.001s[0m
[32m  + [0m[32msuspend with concurrent access remains thread-safe[0m [90m0.0s[0m
[32mnet.ghoula.eru.CountDownLatchSpec:[0m
[32m  + [0m[32mcountdown latch creation succeeds[0m [90m0.001s[0m
[32m  + [0m[32mcountdown latch with zero count[0m [90m0.0s[0m
[32m  + [0m[32mcountdown latch creation fails with negative count[0m [90m0.0s[0m
[32m  + [0m[32mcountdown latch single countdown[0m [90m0.001s[0m
[32m  + [0m[32mcountdown latch multiple countdowns[0m [90m0.0s[0m
[32m  + [0m[32mcountdown beyond zero has no effect[0m [90m0.0s[0m
[32m  + [0m[32mawait returns immediately when count is already zero[0m [90m0.0s[0m
[32m  + [0m[32mcountdown latch constructor is available via Eru companion[0m [90m0.0s[0m
[32m  + [0m[32mcountdown latch operations compose with other Eru effects[0m [90m0.001s[0m
[32m  + [0m[32mcountdown latch batch countdown operations[0m [90m0.0s[0m
[32m  + [0m[32mcountdown latch state is consistent across operations[0m [90m0.001s[0m
[32mnet.ghoula.eru.EruRuntimeSpec:[0m
[32m  + [0m[32mfork creates fiber that executes concurrently[0m [90m0.0s[0m
[32m  + [0m[32mfork with failing effect returns failure[0m [90m0.0s[0m
[32m  + [0m[32mforkWithObserver captures events[0m [90m0.001s[0m
[32m  + [0m[32mzipPar runs both effects concurrently[0m [90m0.052s[0m
[32m  + [0m[32mzipPar propagates first failure encountered[0m [90m0.012s[0m
[32m  + [0m[32mzipPar handles mixed error types[0m [90m0.001s[0m
[32m  + [0m[32mrace returns result of first completing effect[0m [90m0.012s[0m
[32m  + [0m[32mrace propagates error from winning effect[0m [90m0.001s[0m
[32m  + [0m[32msleep respects duration timing[0m [90m0.026s[0m
[32m  + [0m[32msleep with zero duration completes immediately[0m [90m0.0s[0m
[32m  + [0m[32mtimeout fails with TimeoutException when effect is too slow[0m [90m0.012s[0m
[32m  + [0m[32mtimeout returns result when effect completes in time[0m [90m0.012s[0m
[32m  + [0m[32msuspend integrates with callback-based async operations[0m [90m0.001s[0m
[32m  + [0m[32mparSequence executes effects concurrently and preserves order[0m [90m0.032s[0m
[32m  + [0m[32mparSequence handles empty list[0m [90m0.001s[0m
[32m  + [0m[32mparSequence propagates first error encountered[0m [90m0.012s[0m
[32m  + [0m[32mparTraverse applies function and executes concurrently[0m [90m0.032s[0m
[32m  + [0m[32mraceAll returns winner with correct index[0m [90m0.012s[0m
[32m  + [0m[32mraceAll handles single effect[0m [90m0.001s[0m
[32m  + [0m[32mraceAll fails on empty list[0m [90m0.0s[0m
[32m  + [0m[32mforeachParN limits concurrency[0m [90m0.045s[0m
[32m  + [0m[32mforeachParN requires positive concurrency[0m [90m0.001s[0m
[32m  + [0m[32mforeachParN handles empty input[0m [90m0.0s[0m
[32m  + [0m[32mforeachParNDiscard discards results[0m [90m0.005s[0m
[32m  + [0m[32mvalidatePar accumulates all errors[0m [90m0.0s[0m
[32m  + [0m[32mvalidatePar returns successes when all valid[0m [90m0.001s[0m
[32m  + [0m[32mvalidateFirst returns first error encountered[0m [90m0.0s[0m
[32m  + [0m[32mvalidateFirst returns all successes when valid[0m [90m0.0s[0m
[32m  + [0m[32mretry policy enum constructs correctly[0m [90m0.001s[0m
[32m  + [0m[32mEruRuntime.create creates independent runtime instances[0m [90m0.0s[0m
[32m  + [0m[32mEruRuntime.shared provides singleton access[0m [90m0.0s[0m
[32m  + [0m[32mcomplex nested concurrent operations work correctly[0m [90m0.022s[0m
[32mnet.ghoula.eru.SuspensionSafetySpec:[0m
[32m  + [0m[32mImmediate operations can be called with unsafeRunSync[0m [90m0.001s[0m
[32m  + [0m[32mSuspending operations require explicit handling[0m [90m0.012s[0m
[32m  + [0m[32mCompile-time prevention of common deadlock patterns[0m [90m0.0s[0m
[32m  + [0m[32mValue class erasure - zero runtime overhead[0m [90m0.0s[0m
[32m  + [0m[32mTimeout operations convert Suspending to Immediate[0m [90m0.001s[0m
[32m  + [0m[32mPromise follows same suspension pattern[0m [90m0.0s[0m
[32m  + [0m[32mSemaphore follows suspension pattern[0m [90m0.0s[0m
[32m  + [0m[32mComposition preserves suspension safety[0m [90m0.001s[0m
[32m  + [0m[32mReal-world deadlock scenario prevented[0m [90m0.0s[0m
[32m  + [0m[32mType inference works correctly with suspension types[0m [90m0.0s[0m
[32m  + [0m[32mDocumentation of prevented deadlock patterns[0m [90m0.001s[0m
[32mnet.ghoula.eru.QueueSpec:[0m
[32m  + [0m[32mbounded queue creation succeeds[0m [90m0.001s[0m
[32m  + [0m[32mbounded queue capacity validation[0m [90m0.0s[0m
[32m  + [0m[32mbounded queue put and take basic operations[0m [90m0.001s[0m
[32m  + [0m[32mbounded queue poll returns Some when elements available[0m [90m0.0s[0m
[32m  + [0m[32mbounded queue poll returns None when empty[0m [90m0.0s[0m
[32m  + [0m[32mbounded queue FIFO ordering[0m [90m0.001s[0m
[32m  + [0m[32mbounded queue sequential operations[0m [90m0.0s[0m
[32m  + [0m[32munbounded queue creation succeeds[0m [90m0.0s[0m
[32m  + [0m[32munbounded queue offer and take basic operations[0m [90m0.001s[0m
[32m  + [0m[32munbounded queue handles large volumes[0m [90m0.008s[0m
[32m  + [0m[32munbounded queue sequential operations[0m [90m0.001s[0m
[32m  + [0m[32mpoll returns None consistently on empty queue[0m [90m0.001s[0m
[32m  + [0m[32mqueue constructors available via Eru companion[0m [90m0.0s[0m
[32m  + [0m[32mqueue operations compose with other Eru effects[0m [90m0.001s[0m
[32m  + [0m[32mqueue size and capacity invariants[0m [90m0.001s[0m
[32m  + [0m[32mqueue handles mixed offer/take/poll operations[0m [90m0.001s[0m
[32m  + [0m[32mbounded queue maintains consistency with rapid fill/drain cycles[0m [90m0.002s[0m
[32m  + [0m[32munbounded queue handles large volume operations[0m [90m0.338s[0m
[32m  + [0m[32mqueue type safety with case classes[0m [90m0.001s[0m
[32m  + [0m[32mqueue operations with Option types[0m [90m0.0s[0m
[32m  + [0m[32mbounded vs unbounded queue behavior comparison[0m [90m0.0s[0m
[32m  + [0m[32mqueue isEmpty correctness across operations[0m [90m0.001s[0m
[32m  + [0m[32mqueue size tracking with mixed operations[0m [90m0.001s[0m
[32m  + [0m[32mqueue large capacity handling[0m [90m0.0s[0m
[32m  + [0m[32munbounded queue very large operations[0m [90m0.004s[0m
[32m  + [0m[32mqueue memory and resource efficiency[0m [90m0.002s[0m
[32m  + [0m[32mqueue error resilience[0m [90m0.0s[0m
[32m  + [0m[32mqueue integration with effect composition[0m [90m0.001s[0m
[32m  + [0m[32mqueue boundary conditions[0m [90m0.0s[0m
[32mnet.ghoula.eru.SemaphoreSuspensionSpec:[0m
[32m  + [0m[32mImmediate operations can be called with unsafeRunSync[0m [90m0.002s[0m
[32m  + [0m[32mSuspending operations require proper handling[0m [90m0.001s[0m
[32m  + [0m[32mwithPermit blocks when no permits available - TestClock version[0m [90m0.004s[0m
[32m  + [0m[32mwithPermitTry returns None when no permits available[0m [90m0.0s[0m
[32m  + [0m[32mwithPermit ensures permit release on success[0m [90m0.002s[0m
[32m  + [0m[32mwithPermit ensures permit release on failure[0m [90m0.001s[0m
[32m  + [0m[32mconcurrent acquire/release maintains permit count - TestClock version[0m [90m10.507s[0m
[32m  + [0m[32mwithPermits acquires multiple permits atomically - TestClock version[0m [90m0.003s[0m
[32m  + [0m[32mtype system prevents deadlock patterns[0m [90m0.012s[0m
[32m  + [0m[32mwithPermitTry allows graceful degradation - TestClock version[0m [90m0.002s[0m
[32m  + [0m[32mcompilation prevents unsafe patterns[0m [90m0.0s[0m
[32mnet.ghoula.eru.QueueConcurrencySpec:[0m
[32m  + [0m[32mbounded queue producer-consumer coordination[0m [90m0.002s[0m
[32m  + [0m[32mmultiple producers single consumer receives all items[0m [90m0.004s[0m
[32m  + [0m[32mqueue backpressure with bounded capacity[0m [90m0.001s[0m
[32m  + [0m[32munbounded queue handles high volume without blocking[0m [90m0.001s[0m
[32mnet.ghoula.eru.fiber.FiberStressSpec:[0m
[32m  + [0m[32mhigh-volume fiber creation and completion (1000 fibers)[0m [90m0.015s[0m
[32m  + [0m[32mdeep fiber nesting does not cause stack overflow[0m [90m0.001s[0m
[32m  + [0m[32mconcurrent finalizer stress test with many fibers[0m [90m0.003s[0m
[32m  + [0m[32mmemory stability with large numbers of short-lived fibers[0m [90m0.004s[0m
[32m  + [0m[32mzipPar stress test with many concurrent pairs[0m [90m0.002s[0m
[32m  + [0m[32mrace operations with many contestants[0m [90m0.001s[0m
[32m  + [0m[32mcomplex concurrent composition with nested operations[0m [90m0.003s[0m
[32m  + [0m[32merror handling stress with mixed success and failure scenarios[0m [90m0.002s[0m
[32m  + [0m[32mfinalizer execution under high concurrent load[0m [90m0.01s[0m
[32m  + [0m[32mresource cleanup under concurrent stress with failures - FIXED[0m [90m0.003s[0m
[32m  + [0m[32mextreme deep nesting stress test (100 levels)[0m [90m0.0s[0m
[32m  + [0m[32mmassive parallel finalizer execution under stress (500 fibers, 3 finalizers each)[0m [90m0.004s[0m
[32m  + [0m[32minterrupt storm resilience (200 fibers with deterministic interrupts)[0m [90m0.003s[0m
[32m  + [0m[32mmemory pressure simulation with finalizer cleanup verification[0m [90m0.012s[0m
[32m  + [0m[32mobserver integration stress test with comprehensive event tracking[0m [90m0.015s[0m
[32mnet.ghoula.eru.fiber.FiberLifecycleSpec:[0m
[32m  + [0m[32mfiber fork creates new fiber with unique ID[0m [90m0.001s[0m
[32m  + [0m[32mfiber await returns Exit.Success for successful computation[0m [90m0.0s[0m
[32m  + [0m[32mfiber await returns Exit.Failure for typed error[0m [90m0.0s[0m
[32m  + [0m[32mfiber await returns Exit.Die for thrown exception[0m [90m0.001s[0m
[32m  + [0m[32mfiber await is referentially transparent - multiple awaits return same result[0m [90m0.0s[0m
[32m  + [0m[32mfiber with complex computation chain executes correctly[0m [90m0.001s[0m
[32m  + [0m[32mfiber with error recovery chain handles errors correctly[0m [90m0.0s[0m
[32m  + [0m[32mfiber with unrecovered error propagates failure[0m [90m0.001s[0m
[32m  + [0m[32mfiber interrupt method creates effect (placeholder implementation)[0m [90m0.0s[0m
[32m  + [0m[32mnested fiber fork and await works correctly[0m [90m0.0s[0m
[info] Passed: Total 422, Failed 0, Errors 0, Passed 422
[error] Unreachable symbols found after classloading run. It can happen when using dependencies not cross-compiled for Scala Native or not yet ported JDK definitions.
[error] (eruRuntimeNative / Test / nativeLink) Unreachable symbols found after classloading run. It can happen when using dependencies not cross-compiled for Scala Native or not yet ported JDK definitions.
[error] Total time: 19 s, completed 26 Sept 2025, 21.03.47
